Archive member included to satisfy reference by file (symbol)

c:/st/stm32cubeide_1.3.0/stm32cubeide/plugins/com.st.stm32cube.ide.mcu.externaltools.gnu-tools-for-stm32.9-2020-q2-update.win32_2.0.0.202105311346/tools/bin/../lib/gcc/arm-none-eabi/9.3.1/../../../../arm-none-eabi/lib/thumb/v7e-m+fp/hard\libc_nano.a(lib_a-errno.o)
                              ./Core/Src/syscalls.o (__errno)
c:/st/stm32cubeide_1.3.0/stm32cubeide/plugins/com.st.stm32cube.ide.mcu.externaltools.gnu-tools-for-stm32.9-2020-q2-update.win32_2.0.0.202105311346/tools/bin/../lib/gcc/arm-none-eabi/9.3.1/../../../../arm-none-eabi/lib/thumb/v7e-m+fp/hard\libc_nano.a(lib_a-exit.o)
                              c:/st/stm32cubeide_1.3.0/stm32cubeide/plugins/com.st.stm32cube.ide.mcu.externaltools.gnu-tools-for-stm32.9-2020-q2-update.win32_2.0.0.202105311346/tools/bin/../lib/gcc/arm-none-eabi/9.3.1/../../../../arm-none-eabi/lib/thumb/v7e-m+fp/hard/crt0.o (exit)
c:/st/stm32cubeide_1.3.0/stm32cubeide/plugins/com.st.stm32cube.ide.mcu.externaltools.gnu-tools-for-stm32.9-2020-q2-update.win32_2.0.0.202105311346/tools/bin/../lib/gcc/arm-none-eabi/9.3.1/../../../../arm-none-eabi/lib/thumb/v7e-m+fp/hard\libc_nano.a(lib_a-impure.o)
                              c:/st/stm32cubeide_1.3.0/stm32cubeide/plugins/com.st.stm32cube.ide.mcu.externaltools.gnu-tools-for-stm32.9-2020-q2-update.win32_2.0.0.202105311346/tools/bin/../lib/gcc/arm-none-eabi/9.3.1/../../../../arm-none-eabi/lib/thumb/v7e-m+fp/hard\libc_nano.a(lib_a-exit.o) (_global_impure_ptr)
c:/st/stm32cubeide_1.3.0/stm32cubeide/plugins/com.st.stm32cube.ide.mcu.externaltools.gnu-tools-for-stm32.9-2020-q2-update.win32_2.0.0.202105311346/tools/bin/../lib/gcc/arm-none-eabi/9.3.1/../../../../arm-none-eabi/lib/thumb/v7e-m+fp/hard\libc_nano.a(lib_a-init.o)
                              c:/st/stm32cubeide_1.3.0/stm32cubeide/plugins/com.st.stm32cube.ide.mcu.externaltools.gnu-tools-for-stm32.9-2020-q2-update.win32_2.0.0.202105311346/tools/bin/../lib/gcc/arm-none-eabi/9.3.1/../../../../arm-none-eabi/lib/thumb/v7e-m+fp/hard/crt0.o (__libc_init_array)
c:/st/stm32cubeide_1.3.0/stm32cubeide/plugins/com.st.stm32cube.ide.mcu.externaltools.gnu-tools-for-stm32.9-2020-q2-update.win32_2.0.0.202105311346/tools/bin/../lib/gcc/arm-none-eabi/9.3.1/../../../../arm-none-eabi/lib/thumb/v7e-m+fp/hard\libc_nano.a(lib_a-memcmp.o)
                              ./LVGL/lvgl/src/lv_core/lv_obj.o (memcmp)
c:/st/stm32cubeide_1.3.0/stm32cubeide/plugins/com.st.stm32cube.ide.mcu.externaltools.gnu-tools-for-stm32.9-2020-q2-update.win32_2.0.0.202105311346/tools/bin/../lib/gcc/arm-none-eabi/9.3.1/../../../../arm-none-eabi/lib/thumb/v7e-m+fp/hard\libc_nano.a(lib_a-memcpy-stub.o)
                              ./LVGL/lv_examples/src/lv_demo_widgets/lv_demo_widgets.o (memcpy)
c:/st/stm32cubeide_1.3.0/stm32cubeide/plugins/com.st.stm32cube.ide.mcu.externaltools.gnu-tools-for-stm32.9-2020-q2-update.win32_2.0.0.202105311346/tools/bin/../lib/gcc/arm-none-eabi/9.3.1/../../../../arm-none-eabi/lib/thumb/v7e-m+fp/hard\libc_nano.a(lib_a-memset.o)
                              c:/st/stm32cubeide_1.3.0/stm32cubeide/plugins/com.st.stm32cube.ide.mcu.externaltools.gnu-tools-for-stm32.9-2020-q2-update.win32_2.0.0.202105311346/tools/bin/../lib/gcc/arm-none-eabi/9.3.1/../../../../arm-none-eabi/lib/thumb/v7e-m+fp/hard/crt0.o (memset)
c:/st/stm32cubeide_1.3.0/stm32cubeide/plugins/com.st.stm32cube.ide.mcu.externaltools.gnu-tools-for-stm32.9-2020-q2-update.win32_2.0.0.202105311346/tools/bin/../lib/gcc/arm-none-eabi/9.3.1/../../../../arm-none-eabi/lib/thumb/v7e-m+fp/hard\libc_nano.a(lib_a-printf.o)
                              ./LVGL/lv_examples/src/lv_ex_widgets/lv_ex_btnmatrix/lv_ex_btnmatrix_1.o (printf)
c:/st/stm32cubeide_1.3.0/stm32cubeide/plugins/com.st.stm32cube.ide.mcu.externaltools.gnu-tools-for-stm32.9-2020-q2-update.win32_2.0.0.202105311346/tools/bin/../lib/gcc/arm-none-eabi/9.3.1/../../../../arm-none-eabi/lib/thumb/v7e-m+fp/hard\libc_nano.a(lib_a-puts.o)
                              ./LVGL/lv_examples/src/lv_ex_widgets/lv_ex_btn/lv_ex_btn_1.o (puts)
c:/st/stm32cubeide_1.3.0/stm32cubeide/plugins/com.st.stm32cube.ide.mcu.externaltools.gnu-tools-for-stm32.9-2020-q2-update.win32_2.0.0.202105311346/tools/bin/../lib/gcc/arm-none-eabi/9.3.1/../../../../arm-none-eabi/lib/thumb/v7e-m+fp/hard\libc_nano.a(lib_a-snprintf.o)
                              ./LVGL/lv_examples/src/lv_ex_widgets/lv_ex_slider/lv_ex_slider_2.o (snprintf)
c:/st/stm32cubeide_1.3.0/stm32cubeide/plugins/com.st.stm32cube.ide.mcu.externaltools.gnu-tools-for-stm32.9-2020-q2-update.win32_2.0.0.202105311346/tools/bin/../lib/gcc/arm-none-eabi/9.3.1/../../../../arm-none-eabi/lib/thumb/v7e-m+fp/hard\libc_nano.a(lib_a-strcat.o)
                              ./LVGL/lvgl/src/lv_widgets/lv_dropdown.o (strcat)
[...]
Memory Configuration

Name             Origin             Length             Attributes
RAM              0x0000000020000000 0x0000000000020000 xrw
FLASH            0x0000000008000000 0x0000000000080000 xr
*default*        0x0000000000000000 0xffffffffffffffff

Linker script and memory map

LOAD c:/st/stm32cubeide_1.3.0/stm32cubeide/plugins/com.st.stm32cube.ide.mcu.externaltools.gnu-tools-for-stm32.9-2020-q2-update.win32_2.0.0.202105311346/tools/bin/../lib/gcc/arm-none-eabi/9.3.1/thumb/v7e-m+fp/hard/crti.o
LOAD c:/st/stm32cubeide_1.3.0/stm32cubeide/plugins/com.st.stm32cube.ide.mcu.externaltools.gnu-tools-for-stm32.9-2020-q2-update.win32_2.0.0.202105311346/tools/bin/../lib/gcc/arm-none-eabi/9.3.1/thumb/v7e-m+fp/hard/crtbegin.o
LOAD c:/st/stm32cubeide_1.3.0/stm32cubeide/plugins/com.st.stm32cube.ide.mcu.externaltools.gnu-tools-for-stm32.9-2020-q2-update.win32_2.0.0.202105311346/tools/bin/../lib/gcc/arm-none-eabi/9.3.1/../../../../arm-none-eabi/lib/thumb/v7e-m+fp/hard/crt0.o
LOAD ./Core/Src/dma.o
LOAD ./Core/Src/gpio.o
LOAD ./Core/Src/main.o
LOAD ./Core/Src/spi.o
LOAD ./Core/Src/stm32f4xx_hal_msp.o
LOAD ./Core/Src/stm32f4xx_it.o
LOAD ./Core/Src/syscalls.o
LOAD ./Core/Src/sysmem.o
LOAD ./Core/Src/system_stm32f4xx.o
LOAD ./Core/Src/tim.o
LOAD ./Core/Startup/startup_stm32f411ceux.o
LOAD ./Drivers/STM32F4xx_HAL_Driver/Src/stm32f4xx_hal.o
LOAD ./Drivers/STM32F4xx_HAL_Driver/Src/stm32f4xx_hal_cortex.o
LOAD ./Drivers/STM32F4xx_HAL_Driver/Src/stm32f4xx_hal_dma.o
LOAD ./Drivers/STM32F4xx_HAL_Driver/Src/stm32f4xx_hal_dma_ex.o
LOAD ./Drivers/STM32F4xx_HAL_Driver/Src/stm32f4xx_hal_exti.o
LOAD ./Drivers/STM32F4xx_HAL_Driver/Src/stm32f4xx_hal_flash.o
LOAD ./Drivers/STM32F4xx_HAL_Driver/Src/stm32f4xx_hal_flash_ex.o
LOAD ./Drivers/STM32F4xx_HAL_Driver/Src/stm32f4xx_hal_flash_ramfunc.o
LOAD ./Drivers/STM32F4xx_HAL_Driver/Src/stm32f4xx_hal_gpio.o
LOAD ./Drivers/STM32F4xx_HAL_Driver/Src/stm32f4xx_hal_pwr.o
LOAD ./Drivers/STM32F4xx_HAL_Driver/Src/stm32f4xx_hal_pwr_ex.o
LOAD ./Drivers/STM32F4xx_HAL_Driver/Src/stm32f4xx_hal_rcc.o
LOAD ./Drivers/STM32F4xx_HAL_Driver/Src/stm32f4xx_hal_rcc_ex.o
LOAD ./Drivers/STM32F4xx_HAL_Driver/Src/stm32f4xx_hal_spi.o
LOAD ./Drivers/STM32F4xx_HAL_Driver/Src/stm32f4xx_hal_tim.o
LOAD ./Drivers/STM32F4xx_HAL_Driver/Src/stm32f4xx_hal_tim_ex.o
LOAD ./LVGL/hal_stm_lvgl/tft/ili9341.o
LOAD ./LVGL/hal_stm_lvgl/tft/st7789V.o
LOAD ./LVGL/hal_stm_lvgl/tft/tft.o
LOAD ./LVGL/hal_stm_lvgl/touch/touchpad.o
LOAD ./LVGL/hal_stm_lvgl/touch/xpt2046.o
LOAD ./LVGL/lv_examples/assets/img_cogwheel_alpha16.o
LOAD ./LVGL/lv_examples/assets/img_cogwheel_argb.o
LOAD ./LVGL/lv_examples/assets/img_cogwheel_chroma_keyed.o
LOAD ./LVGL/lv_examples/assets/img_cogwheel_indexed16.o
LOAD ./LVGL/lv_examples/assets/img_cogwheel_rgb.o
LOAD ./LVGL/lv_examples/assets/lv_font_montserrat_12_compr_az.o
LOAD ./LVGL/lv_examples/assets/lv_font_montserrat_16_compr_az.o
LOAD ./LVGL/lv_examples/assets/lv_font_montserrat_28_compr_az.o
LOAD ./LVGL/lv_examples/src/lv_demo_benchmark/lv_demo_benchmark.o
LOAD ./LVGL/lv_examples/src/lv_demo_keypad_encoder/lv_demo_keypad_encoder.o
LOAD ./LVGL/lv_examples/src/lv_demo_printer/images/lv_demo_printer_icon_bright.o
LOAD ./LVGL/lv_examples/src/lv_demo_printer/images/lv_demo_printer_icon_eco.o
LOAD ./LVGL/lv_examples/src/lv_demo_printer/images/lv_demo_printer_icon_hue.o
LOAD ./LVGL/lv_examples/src/lv_demo_printer/images/lv_demo_printer_icon_pc.o
LOAD ./LVGL/lv_examples/src/lv_demo_printer/images/lv_demo_printer_icon_tel.o
LOAD ./LVGL/lv_examples/src/lv_demo_printer/images/lv_demo_printer_icon_wifi.o
LOAD ./LVGL/lv_examples/src/lv_demo_printer/images/lv_demo_printer_img_btn_bg.o
LOAD ./LVGL/lv_examples/src/lv_demo_printer/images/lv_demo_printer_img_cloud.o
LOAD ./LVGL/lv_examples/src/lv_demo_printer/images/lv_demo_printer_img_copy.o
LOAD ./LVGL/lv_examples/src/lv_demo_printer/images/lv_demo_printer_img_internet.o
LOAD ./LVGL/lv_examples/src/lv_demo_printer/images/lv_demo_printer_img_mobile.o
LOAD ./LVGL/lv_examples/src/lv_demo_printer/images/lv_demo_printer_img_no_internet.o
LOAD ./LVGL/lv_examples/src/lv_demo_printer/images/lv_demo_printer_img_phone.o
LOAD ./LVGL/lv_examples/src/lv_demo_printer/images/lv_demo_printer_img_print.o
LOAD ./LVGL/lv_examples/src/lv_demo_printer/images/lv_demo_printer_img_printer2.o
LOAD ./LVGL/lv_examples/src/lv_demo_printer/images/lv_demo_printer_img_ready.o
LOAD ./LVGL/lv_examples/src/lv_demo_printer/images/lv_demo_printer_img_scan.o
LOAD ./LVGL/lv_examples/src/lv_demo_printer/images/lv_demo_printer_img_scan_example.o
LOAD ./LVGL/lv_examples/src/lv_demo_printer/images/lv_demo_printer_img_setup.o
LOAD ./LVGL/lv_examples/src/lv_demo_printer/images/lv_demo_printer_img_usb.o
LOAD ./LVGL/lv_examples/src/lv_demo_printer/images/lv_demo_printer_img_wave.o
LOAD ./LVGL/lv_examples/src/lv_demo_printer/lv_demo_printer.o
LOAD ./LVGL/lv_examples/src/lv_demo_printer/lv_demo_printer_theme.o
LOAD ./LVGL/lv_examples/src/lv_demo_stress/lv_demo_stress.o
LOAD ./LVGL/lv_examples/src/lv_demo_widgets/lv_demo_widgets.o
LOAD ./LVGL/lv_examples/src/lv_ex_get_started/lv_ex_get_started_1.o
LOAD ./LVGL/lv_examples/src/lv_ex_get_started/lv_ex_get_started_2.o
LOAD ./LVGL/lv_examples/src/lv_ex_get_started/lv_ex_get_started_3.o
LOAD ./LVGL/lv_examples/src/lv_ex_style/lv_ex_style_1.o
LOAD ./LVGL/lv_examples/src/lv_ex_style/lv_ex_style_10.o
LOAD ./LVGL/lv_examples/src/lv_ex_style/lv_ex_style_11.o
LOAD ./LVGL/lv_examples/src/lv_ex_style/lv_ex_style_2.o
LOAD ./LVGL/lv_examples/src/lv_ex_style/lv_ex_style_3.o
LOAD ./LVGL/lv_examples/src/lv_ex_style/lv_ex_style_4.o
LOAD ./LVGL/lv_examples/src/lv_ex_style/lv_ex_style_5.o
LOAD ./LVGL/lv_examples/src/lv_ex_style/lv_ex_style_6.o
LOAD ./LVGL/lv_examples/src/lv_ex_style/lv_ex_style_7.o
LOAD ./LVGL/lv_examples/src/lv_ex_style/lv_ex_style_8.o
LOAD ./LVGL/lv_examples/src/lv_ex_style/lv_ex_style_9.o
LOAD ./LVGL/lv_examples/src/lv_ex_widgets/lv_ex_arc/lv_ex_arc_1.o
LOAD ./LVGL/lv_examples/src/lv_ex_widgets/lv_ex_arc/lv_ex_arc_2.o
LOAD ./LVGL/lv_examples/src/lv_ex_widgets/lv_ex_bar/lv_ex_bar_1.o
LOAD ./LVGL/lv_examples/src/lv_ex_widgets/lv_ex_btn/lv_ex_btn_1.o
LOAD ./LVGL/lv_examples/src/lv_ex_widgets/lv_ex_btn/lv_ex_btn_2.o
LOAD ./LVGL/lv_examples/src/lv_ex_widgets/lv_ex_btnmatrix/lv_ex_btnmatrix_1.o
LOAD ./LVGL/lv_examples/src/lv_ex_widgets/lv_ex_calendar/lv_ex_calendar_1.o
LOAD ./LVGL/lv_examples/src/lv_ex_widgets/lv_ex_canvas/lv_ex_canvas_1.o
LOAD ./LVGL/lv_examples/src/lv_ex_widgets/lv_ex_canvas/lv_ex_canvas_2.o
LOAD ./LVGL/lv_examples/src/lv_ex_widgets/lv_ex_chart/lv_ex_chart_1.o
LOAD ./LVGL/lv_examples/src/lv_ex_widgets/lv_ex_chart/lv_ex_chart_2.o
LOAD ./LVGL/lv_examples/src/lv_ex_widgets/lv_ex_checkbox/lv_ex_checkbox_1.o
LOAD ./LVGL/lv_examples/src/lv_ex_widgets/lv_ex_cont/lv_ex_cont_1.o
LOAD ./LVGL/lv_examples/src/lv_ex_widgets/lv_ex_cpicker/lv_ex_cpicker_1.o
LOAD ./LVGL/lv_examples/src/lv_ex_widgets/lv_ex_cpicker/lv_ex_cpicker_2.o
LOAD ./LVGL/lv_examples/src/lv_ex_widgets/lv_ex_dropdown/lv_ex_dropdown_1.o
LOAD ./LVGL/lv_examples/src/lv_ex_widgets/lv_ex_dropdown/lv_ex_dropdown_2.o
LOAD ./LVGL/lv_examples/src/lv_ex_widgets/lv_ex_gauge/lv_ex_gauge_1.o
LOAD ./LVGL/lv_examples/src/lv_ex_widgets/lv_ex_img/lv_ex_img_1.o
LOAD ./LVGL/lv_examples/src/lv_ex_widgets/lv_ex_img/lv_ex_img_2.o
LOAD ./LVGL/lv_examples/src/lv_ex_widgets/lv_ex_img/lv_ex_img_3.o
LOAD ./LVGL/lv_examples/src/lv_ex_widgets/lv_ex_imgbtn/imgbtn_blue.o
LOAD ./LVGL/lv_examples/src/lv_ex_widgets/lv_ex_imgbtn/imgbtn_green.o
LOAD ./LVGL/lv_examples/src/lv_ex_widgets/lv_ex_imgbtn/lv_ex_imgbtn_1.o
LOAD ./LVGL/lv_examples/src/lv_ex_widgets/lv_ex_keyboard/lv_ex_keyboard_1.o
LOAD ./LVGL/lv_examples/src/lv_ex_widgets/lv_ex_label/lv_ex_label_1.o
LOAD ./LVGL/lv_examples/src/lv_ex_widgets/lv_ex_label/lv_ex_label_2.o
LOAD ./LVGL/lv_examples/src/lv_ex_widgets/lv_ex_label/lv_ex_label_3.o
LOAD ./LVGL/lv_examples/src/lv_ex_widgets/lv_ex_led/lv_ex_led_1.o
LOAD ./LVGL/lv_examples/src/lv_ex_widgets/lv_ex_line/lv_ex_line_1.o
LOAD ./LVGL/lv_examples/src/lv_ex_widgets/lv_ex_linemeter/lv_ex_linemeter_1.o
LOAD ./LVGL/lv_examples/src/lv_ex_widgets/lv_ex_list/lv_ex_list_1.o
LOAD ./LVGL/lv_examples/src/lv_ex_widgets/lv_ex_msgbox/lv_ex_msgbox_1.o
LOAD ./LVGL/lv_examples/src/lv_ex_widgets/lv_ex_msgbox/lv_ex_msgbox_2.o
LOAD ./LVGL/lv_examples/src/lv_ex_widgets/lv_ex_obj/lv_ex_obj_1.o
LOAD ./LVGL/lv_examples/src/lv_ex_widgets/lv_ex_objmask/lv_ex_objmask_1.o
LOAD ./LVGL/lv_examples/src/lv_ex_widgets/lv_ex_objmask/lv_ex_objmask_2.o
LOAD ./LVGL/lv_examples/src/lv_ex_widgets/lv_ex_page/lv_ex_page_1.o
LOAD ./LVGL/lv_examples/src/lv_ex_widgets/lv_ex_roller/lv_ex_roller_1.o
LOAD ./LVGL/lv_examples/src/lv_ex_widgets/lv_ex_slider/lv_ex_slider_1.o
LOAD ./LVGL/lv_examples/src/lv_ex_widgets/lv_ex_slider/lv_ex_slider_2.o
LOAD ./LVGL/lv_examples/src/lv_ex_widgets/lv_ex_spinbox/lv_ex_spinbox_1.o
LOAD ./LVGL/lv_examples/src/lv_ex_widgets/lv_ex_spinner/lv_ex_spinner_1.o
LOAD ./LVGL/lv_examples/src/lv_ex_widgets/lv_ex_switch/lv_ex_switch_1.o
LOAD ./LVGL/lv_examples/src/lv_ex_widgets/lv_ex_table/lv_ex_table_1.o
LOAD ./LVGL/lv_examples/src/lv_ex_widgets/lv_ex_tabview/lv_ex_tabview_1.o
LOAD ./LVGL/lv_examples/src/lv_ex_widgets/lv_ex_templ.o
LOAD ./LVGL/lv_examples/src/lv_ex_widgets/lv_ex_textarea/lv_ex_textarea_1.o
LOAD ./LVGL/lv_examples/src/lv_ex_widgets/lv_ex_textarea/lv_ex_textarea_2.o
LOAD ./LVGL/lv_examples/src/lv_ex_widgets/lv_ex_tileview/lv_ex_tileview_1.o
LOAD ./LVGL/lv_examples/src/lv_ex_widgets/lv_ex_win/lv_ex_win_1.o
LOAD ./LVGL/lvgl/examples/porting/lv_port_disp_template.o
LOAD ./LVGL/lvgl/examples/porting/lv_port_fs_template.o
LOAD ./LVGL/lvgl/examples/porting/lv_port_indev_template.o
LOAD ./LVGL/lvgl/src/lv_core/lv_disp.o
LOAD ./LVGL/lvgl/src/lv_core/lv_group.o
LOAD ./LVGL/lvgl/src/lv_core/lv_indev.o
LOAD ./LVGL/lvgl/src/lv_core/lv_obj.o
LOAD ./LVGL/lvgl/src/lv_core/lv_refr.o
LOAD ./LVGL/lvgl/src/lv_core/lv_style.o
LOAD ./LVGL/lvgl/src/lv_draw/lv_draw_arc.o
LOAD ./LVGL/lvgl/src/lv_draw/lv_draw_blend.o
LOAD ./LVGL/lvgl/src/lv_draw/lv_draw_img.o
LOAD ./LVGL/lvgl/src/lv_draw/lv_draw_label.o
LOAD ./LVGL/lvgl/src/lv_draw/lv_draw_line.o
LOAD ./LVGL/lvgl/src/lv_draw/lv_draw_mask.o
LOAD ./LVGL/lvgl/src/lv_draw/lv_draw_rect.o
LOAD ./LVGL/lvgl/src/lv_draw/lv_draw_triangle.o
LOAD ./LVGL/lvgl/src/lv_draw/lv_img_buf.o
LOAD ./LVGL/lvgl/src/lv_draw/lv_img_cache.o
LOAD ./LVGL/lvgl/src/lv_draw/lv_img_decoder.o
LOAD ./LVGL/lvgl/src/lv_font/lv_font.o
LOAD ./LVGL/lvgl/src/lv_font/lv_font_dejavu_16_persian_hebrew.o
LOAD ./LVGL/lvgl/src/lv_font/lv_font_fmt_txt.o
LOAD ./LVGL/lvgl/src/lv_font/lv_font_loader.o
LOAD ./LVGL/lvgl/src/lv_font/lv_font_montserrat_10.o
LOAD ./LVGL/lvgl/src/lv_font/lv_font_montserrat_12.o
LOAD ./LVGL/lvgl/src/lv_font/lv_font_montserrat_12_subpx.o
LOAD ./LVGL/lvgl/src/lv_font/lv_font_montserrat_14.o
LOAD ./LVGL/lvgl/src/lv_font/lv_font_montserrat_16.o
LOAD ./LVGL/lvgl/src/lv_font/lv_font_montserrat_18.o
LOAD ./LVGL/lvgl/src/lv_font/lv_font_montserrat_20.o
LOAD ./LVGL/lvgl/src/lv_font/lv_font_montserrat_22.o
LOAD ./LVGL/lvgl/src/lv_font/lv_font_montserrat_24.o
LOAD ./LVGL/lvgl/src/lv_font/lv_font_montserrat_26.o
LOAD ./LVGL/lvgl/src/lv_font/lv_font_montserrat_28.o
LOAD ./LVGL/lvgl/src/lv_font/lv_font_montserrat_28_compressed.o
LOAD ./LVGL/lvgl/src/lv_font/lv_font_montserrat_30.o
LOAD ./LVGL/lvgl/src/lv_font/lv_font_montserrat_32.o
LOAD ./LVGL/lvgl/src/lv_font/lv_font_montserrat_34.o
LOAD ./LVGL/lvgl/src/lv_font/lv_font_montserrat_36.o
LOAD ./LVGL/lvgl/src/lv_font/lv_font_montserrat_38.o
LOAD ./LVGL/lvgl/src/lv_font/lv_font_montserrat_40.o
LOAD ./LVGL/lvgl/src/lv_font/lv_font_montserrat_42.o
LOAD ./LVGL/lvgl/src/lv_font/lv_font_montserrat_44.o
LOAD ./LVGL/lvgl/src/lv_font/lv_font_montserrat_46.o
LOAD ./LVGL/lvgl/src/lv_font/lv_font_montserrat_48.o
LOAD ./LVGL/lvgl/src/lv_font/lv_font_montserrat_8.o
LOAD ./LVGL/lvgl/src/lv_font/lv_font_simsun_16_cjk.o
LOAD ./LVGL/lvgl/src/lv_font/lv_font_unscii_16.o
LOAD ./LVGL/lvgl/src/lv_font/lv_font_unscii_8.o
LOAD ./LVGL/lvgl/src/lv_gpu/lv_gpu_nxp_pxp.o
LOAD ./LVGL/lvgl/src/lv_gpu/lv_gpu_nxp_pxp_osa.o
LOAD ./LVGL/lvgl/src/lv_gpu/lv_gpu_nxp_vglite.o
LOAD ./LVGL/lvgl/src/lv_gpu/lv_gpu_stm32_dma2d.o
LOAD ./LVGL/lvgl/src/lv_hal/lv_hal_disp.o
LOAD ./LVGL/lvgl/src/lv_hal/lv_hal_indev.o
LOAD ./LVGL/lvgl/src/lv_hal/lv_hal_tick.o
LOAD ./LVGL/lvgl/src/lv_misc/lv_anim.o
LOAD ./LVGL/lvgl/src/lv_misc/lv_area.o
LOAD ./LVGL/lvgl/src/lv_misc/lv_async.o
LOAD ./LVGL/lvgl/src/lv_misc/lv_bidi.o
LOAD ./LVGL/lvgl/src/lv_misc/lv_color.o
LOAD ./LVGL/lvgl/src/lv_misc/lv_debug.o
LOAD ./LVGL/lvgl/src/lv_misc/lv_fs.o
LOAD ./LVGL/lvgl/src/lv_misc/lv_gc.o
LOAD ./LVGL/lvgl/src/lv_misc/lv_ll.o
LOAD ./LVGL/lvgl/src/lv_misc/lv_log.o
LOAD ./LVGL/lvgl/src/lv_misc/lv_math.o
LOAD ./LVGL/lvgl/src/lv_misc/lv_mem.o
LOAD ./LVGL/lvgl/src/lv_misc/lv_printf.o
LOAD ./LVGL/lvgl/src/lv_misc/lv_task.o
LOAD ./LVGL/lvgl/src/lv_misc/lv_templ.o
LOAD ./LVGL/lvgl/src/lv_misc/lv_txt.o
LOAD ./LVGL/lvgl/src/lv_misc/lv_txt_ap.o
LOAD ./LVGL/lvgl/src/lv_misc/lv_utils.o
LOAD ./LVGL/lvgl/src/lv_themes/lv_theme.o
LOAD ./LVGL/lvgl/src/lv_themes/lv_theme_empty.o
LOAD ./LVGL/lvgl/src/lv_themes/lv_theme_material.o
LOAD ./LVGL/lvgl/src/lv_themes/lv_theme_mono.o
LOAD ./LVGL/lvgl/src/lv_themes/lv_theme_template.o
LOAD ./LVGL/lvgl/src/lv_widgets/lv_arc.o
LOAD ./LVGL/lvgl/src/lv_widgets/lv_bar.o
LOAD ./LVGL/lvgl/src/lv_widgets/lv_btn.o
LOAD ./LVGL/lvgl/src/lv_widgets/lv_btnmatrix.o
LOAD ./LVGL/lvgl/src/lv_widgets/lv_calendar.o
LOAD ./LVGL/lvgl/src/lv_widgets/lv_canvas.o
LOAD ./LVGL/lvgl/src/lv_widgets/lv_chart.o
LOAD ./LVGL/lvgl/src/lv_widgets/lv_checkbox.o
LOAD ./LVGL/lvgl/src/lv_widgets/lv_cont.o
LOAD ./LVGL/lvgl/src/lv_widgets/lv_cpicker.o
LOAD ./LVGL/lvgl/src/lv_widgets/lv_dropdown.o
LOAD ./LVGL/lvgl/src/lv_widgets/lv_gauge.o
LOAD ./LVGL/lvgl/src/lv_widgets/lv_img.o
LOAD ./LVGL/lvgl/src/lv_widgets/lv_imgbtn.o
LOAD ./LVGL/lvgl/src/lv_widgets/lv_keyboard.o
LOAD ./LVGL/lvgl/src/lv_widgets/lv_label.o
LOAD ./LVGL/lvgl/src/lv_widgets/lv_led.o
LOAD ./LVGL/lvgl/src/lv_widgets/lv_line.o
LOAD ./LVGL/lvgl/src/lv_widgets/lv_linemeter.o
LOAD ./LVGL/lvgl/src/lv_widgets/lv_list.o
LOAD ./LVGL/lvgl/src/lv_widgets/lv_msgbox.o
LOAD ./LVGL/lvgl/src/lv_widgets/lv_objmask.o
LOAD ./LVGL/lvgl/src/lv_widgets/lv_objx_templ.o
LOAD ./LVGL/lvgl/src/lv_widgets/lv_page.o
LOAD ./LVGL/lvgl/src/lv_widgets/lv_roller.o
LOAD ./LVGL/lvgl/src/lv_widgets/lv_slider.o
LOAD ./LVGL/lvgl/src/lv_widgets/lv_spinbox.o
LOAD ./LVGL/lvgl/src/lv_widgets/lv_spinner.o
LOAD ./LVGL/lvgl/src/lv_widgets/lv_switch.o
LOAD ./LVGL/lvgl/src/lv_widgets/lv_table.o
LOAD ./LVGL/lvgl/src/lv_widgets/lv_tabview.o
LOAD ./LVGL/lvgl/src/lv_widgets/lv_textarea.o
LOAD ./LVGL/lvgl/src/lv_widgets/lv_tileview.o
LOAD ./LVGL/lvgl/src/lv_widgets/lv_win.o
LOAD ./LVGL/lvgl/tests/lv_test_assert.o
LOAD ./LVGL/lvgl/tests/lv_test_main.o
LOAD ./LVGL/lvgl/tests/lv_test_core/lv_test_core.o
LOAD ./LVGL/lvgl/tests/lv_test_core/lv_test_font_loader.o
LOAD ./LVGL/lvgl/tests/lv_test_core/lv_test_obj.o
LOAD ./LVGL/lvgl/tests/lv_test_core/lv_test_style.o
LOAD ./LVGL/lvgl/tests/lv_test_fonts/font_1.o
LOAD ./LVGL/lvgl/tests/lv_test_fonts/font_2.o
LOAD ./LVGL/lvgl/tests/lv_test_fonts/font_3.o
LOAD ./LVGL/lvgl/tests/lv_test_widgets/lv_test_label.o
START GROUP
LOAD c:/st/stm32cubeide_1.3.0/stm32cubeide/plugins/com.st.stm32cube.ide.mcu.externaltools.gnu-tools-for-stm32.9-2020-q2-update.win32_2.0.0.202105311346/tools/bin/../lib/gcc/arm-none-eabi/9.3.1/../../../../arm-none-eabi/lib/thumb/v7e-m+fp/hard\libc_nano.a
LOAD c:/st/stm32cubeide_1.3.0/stm32cubeide/plugins/com.st.stm32cube.ide.mcu.externaltools.gnu-tools-for-stm32.9-2020-q2-update.win32_2.0.0.202105311346/tools/bin/../lib/gcc/arm-none-eabi/9.3.1/../../../../arm-none-eabi/lib/thumb/v7e-m+fp/hard\libm.a
END GROUP
START GROUP
LOAD c:/st/stm32cubeide_1.3.0/stm32cubeide/plugins/com.st.stm32cube.ide.mcu.externaltools.gnu-tools-for-stm32.9-2020-q2-update.win32_2.0.0.202105311346/tools/bin/../lib/gcc/arm-none-eabi/9.3.1/thumb/v7e-m+fp/hard\libgcc.a
LOAD c:/st/stm32cubeide_1.3.0/stm32cubeide/plugins/com.st.stm32cube.ide.mcu.externaltools.gnu-tools-for-stm32.9-2020-q2-update.win32_2.0.0.202105311346/tools/bin/../lib/gcc/arm-none-eabi/9.3.1/../../../../arm-none-eabi/lib/thumb/v7e-m+fp/hard\libc_nano.a
END GROUP
START GROUP
LOAD c:/st/stm32cubeide_1.3.0/stm32cubeide/plugins/com.st.stm32cube.ide.mcu.externaltools.gnu-tools-for-stm32.9-2020-q2-update.win32_2.0.0.202105311346/tools/bin/../lib/gcc/arm-none-eabi/9.3.1/thumb/v7e-m+fp/hard\libgcc.a
LOAD c:/st/stm32cubeide_1.3.0/stm32cubeide/plugins/com.st.stm32cube.ide.mcu.externaltools.gnu-tools-for-stm32.9-2020-q2-update.win32_2.0.0.202105311346/tools/bin/../lib/gcc/arm-none-eabi/9.3.1/../../../../arm-none-eabi/lib/thumb/v7e-m+fp/hard\libc_nano.a
LOAD c:/st/stm32cubeide_1.3.0/stm32cubeide/plugins/com.st.stm32cube.ide.mcu.externaltools.gnu-tools-for-stm32.9-2020-q2-update.win32_2.0.0.202105311346/tools/bin/../lib/gcc/arm-none-eabi/9.3.1/../../../../arm-none-eabi/lib/thumb/v7e-m+fp/hard\libnosys.a
END GROUP
START GROUP
LOAD c:/st/stm32cubeide_1.3.0/stm32cubeide/plugins/com.st.stm32cube.ide.mcu.externaltools.gnu-tools-for-stm32.9-2020-q2-update.win32_2.0.0.202105311346/tools/bin/../lib/gcc/arm-none-eabi/9.3.1/thumb/v7e-m+fp/hard\libgcc.a
LOAD c:/st/stm32cubeide_1.3.0/stm32cubeide/plugins/com.st.stm32cube.ide.mcu.externaltools.gnu-tools-for-stm32.9-2020-q2-update.win32_2.0.0.202105311346/tools/bin/../lib/gcc/arm-none-eabi/9.3.1/../../../../arm-none-eabi/lib/thumb/v7e-m+fp/hard\libc_nano.a
LOAD c:/st/stm32cubeide_1.3.0/stm32cubeide/plugins/com.st.stm32cube.ide.mcu.externaltools.gnu-tools-for-stm32.9-2020-q2-update.win32_2.0.0.202105311346/tools/bin/../lib/gcc/arm-none-eabi/9.3.1/../../../../arm-none-eabi/lib/thumb/v7e-m+fp/hard\libnosys.a
END GROUP
LOAD c:/st/stm32cubeide_1.3.0/stm32cubeide/plugins/com.st.stm32cube.ide.mcu.externaltools.gnu-tools-for-stm32.9-2020-q2-update.win32_2.0.0.202105311346/tools/bin/../lib/gcc/arm-none-eabi/9.3.1/thumb/v7e-m+fp/hard/crtend.o
LOAD c:/st/stm32cubeide_1.3.0/stm32cubeide/plugins/com.st.stm32cube.ide.mcu.externaltools.gnu-tools-for-stm32.9-2020-q2-update.win32_2.0.0.202105311346/tools/bin/../lib/gcc/arm-none-eabi/9.3.1/thumb/v7e-m+fp/hard/crtn.o
                0x0000000020020000                _estack = (ORIGIN (RAM) + LENGTH (RAM))
                0x0000000000000200                _Min_Heap_Size = 0x200
                0x0000000000000400                _Min_Stack_Size = 0x400

.isr_vector     0x0000000008000000      0x198
                0x0000000008000000                . = ALIGN (0x4)
 *(.isr_vector)
 .isr_vector    0x0000000008000000      0x198 ./Core/Startup/startup_stm32f411ceux.o
                0x0000000008000000                g_pfnVectors
                0x0000000008000198                . = ALIGN (0x4)

.text           0x0000000008000198    0x24794
                0x0000000008000198                . = ALIGN (0x4)
 *(.text)
 .text          0x0000000008000198       0x40 c:/st/stm32cubeide_1.3.0/stm32cubeide/plugins/com.st.stm32cube.ide.mcu.externaltools.gnu-tools-for-stm32.9-2020-q2-update.win32_2.0.0.202105311346/tools/bin/../lib/gcc/arm-none-eabi/9.3.1/thumb/v7e-m+fp/hard/crtbegin.o
 .text          0x00000000080001d8       0x14 c:/st/stm32cubeide_1.3.0/stm32cubeide/plugins/com.st.stm32cube.ide.mcu.externaltools.gnu-tools-for-stm32.9-2020-q2-update.win32_2.0.0.202105311346/tools/bin/../lib/gcc/arm-none-eabi/9.3.1/../../../../arm-none-eabi/lib/thumb/v7e-m+fp/hard\libc_nano.a(lib_a-strcmp.o)
                0x00000000080001d8                strcmp
 .text          0x00000000080001ec       0x10 c:/st/stm32cubeide_1.3.0/stm32cubeide/plugins/com.st.stm32cube.ide.mcu.externaltools.gnu-tools-for-stm32.9-2020-q2-update.win32_2.0.0.202105311346/tools/bin/../lib/gcc/arm-none-eabi/9.3.1/../../../../arm-none-eabi/lib/thumb/v7e-m+fp/hard\libc_nano.a(lib_a-strlen.o)
                0x00000000080001ec                strlen
 .text          0x00000000080001fc       0x30 c:/st/stm32cubeide_1.3.0/stm32cubeide/plugins/com.st.stm32cube.ide.mcu.externaltools.gnu-tools-for-stm32.9-2020-q2-update.win32_2.0.0.202105311346/tools/bin/../lib/gcc/arm-none-eabi/9.3.1/thumb/v7e-m+fp/hard\libgcc.a(_aeabi_uldivmod.o)
                0x00000000080001fc                __aeabi_uldivmod
 .text          0x000000000800022c      0x2c4 c:/st/stm32cubeide_1.3.0/stm32cubeide/plugins/com.st.stm32cube.ide.mcu.externaltools.gnu-tools-for-stm32.9-2020-q2-update.win32_2.0.0.202105311346/tools/bin/../lib/gcc/arm-none-eabi/9.3.1/thumb/v7e-m+fp/hard\libgcc.a(_udivmoddi4.o)
                0x000000000800022c                __udivmoddi4
 .text          0x00000000080004f0        0x4 c:/st/stm32cubeide_1.3.0/stm32cubeide/plugins/com.st.stm32cube.ide.mcu.externaltools.gnu-tools-for-stm32.9-2020-q2-update.win32_2.0.0.202105311346/tools/bin/../lib/gcc/arm-none-eabi/9.3.1/thumb/v7e-m+fp/hard\libgcc.a(_dvmd_tls.o)
                0x00000000080004f0                __aeabi_idiv0
                0x00000000080004f0                __aeabi_ldiv0
 *(.text*)
 .text.MX_DMA_Init
                0x00000000080004f4       0x34 ./Core/Src/dma.o
                0x00000000080004f4                MX_DMA_Init
 .text.MX_GPIO_Init
                0x0000000008000528      0x114 ./Core/Src/gpio.o
                0x0000000008000528                MX_GPIO_Init
 .text.SystemClock_Config
                0x000000000800063c       0xa4 ./Core/Src/main.o
                0x000000000800063c                SystemClock_Config
 .text.startup.main
                0x00000000080006e0       0x54 ./Core/Src/main.o
                0x00000000080006e0                main
 .text.HAL_TIM_PeriodElapsedCallback
                0x0000000008000734       0x14 ./Core/Src/main.o
                0x0000000008000734                HAL_TIM_PeriodElapsedCallback
 .text.Error_Handler
                0x0000000008000748        0x4 ./Core/Src/main.o
                0x0000000008000748                Error_Handler
 .text.MX_SPI1_Init
                0x000000000800074c       0x44 ./Core/Src/spi.o
                0x000000000800074c                MX_SPI1_Init
 .text.MX_SPI2_Init
                0x0000000008000790       0x44 ./Core/Src/spi.o
                0x0000000008000790                MX_SPI2_Init
 .text.HAL_SPI_MspInit
                0x00000000080007d4      0x10c ./Core/Src/spi.o
                0x00000000080007d4                HAL_SPI_MspInit
 .text.HAL_MspInit
                0x00000000080008e0       0x38 ./Core/Src/stm32f4xx_hal_msp.o
                0x00000000080008e0                HAL_MspInit
 .text.NMI_Handler
                0x0000000008000918        0x8 ./Core/Src/stm32f4xx_it.o
                0x0000000008000918                NMI_Handler
 .text.HardFault_Handler
                0x0000000008000920        0x2 ./Core/Src/stm32f4xx_it.o
                0x0000000008000920                HardFault_Handler
 .text.MemManage_Handler
                0x0000000008000922        0x2 ./Core/Src/stm32f4xx_it.o
                0x0000000008000922                MemManage_Handler
 .text.BusFault_Handler
                0x0000000008000924        0x2 ./Core/Src/stm32f4xx_it.o
                0x0000000008000924                BusFault_Handler
 .text.UsageFault_Handler
                0x0000000008000926        0x2 ./Core/Src/stm32f4xx_it.o
                0x0000000008000926                UsageFault_Handler
 .text.SVC_Handler
                0x0000000008000928        0x2 ./Core/Src/stm32f4xx_it.o
                0x0000000008000928                SVC_Handler
 .text.DebugMon_Handler
                0x000000000800092a        0x2 ./Core/Src/stm32f4xx_it.o
                0x000000000800092a                DebugMon_Handler
 .text.PendSV_Handler
                0x000000000800092c        0x2 ./Core/Src/stm32f4xx_it.o
                0x000000000800092c                PendSV_Handler
 .text.SysTick_Handler
                0x000000000800092e        0x4 ./Core/Src/stm32f4xx_it.o
                0x000000000800092e                SysTick_Handler
 *fill*         0x0000000008000932        0x2 
 .text.TIM3_IRQHandler
                0x0000000008000934        0xc ./Core/Src/stm32f4xx_it.o
                0x0000000008000934                TIM3_IRQHandler
 .text.DMA2_Stream3_IRQHandler
                0x0000000008000940        0xc ./Core/Src/stm32f4xx_it.o
                0x0000000008000940                DMA2_Stream3_IRQHandler
 .text.SystemInit
                0x000000000800094c       0x14 ./Core/Src/system_stm32f4xx.o
                0x000000000800094c                SystemInit
 .text.MX_TIM3_Init
                0x0000000008000960       0x68 ./Core/Src/tim.o
                0x0000000008000960                MX_TIM3_Init
 .text.HAL_TIM_Base_MspInit
                0x00000000080009c8       0x44 ./Core/Src/tim.o
                0x00000000080009c8                HAL_TIM_Base_MspInit
 .text.Reset_Handler
                0x0000000008000a0c       0x50 ./Core/Startup/startup_stm32f411ceux.o
                0x0000000008000a0c                Reset_Handler
 .text.Default_Handler
                0x0000000008000a5c        0x2 ./Core/Startup/startup_stm32f411ceux.o
                0x0000000008000a5c                RTC_Alarm_IRQHandler
                0x0000000008000a5c                EXTI2_IRQHandler
                0x0000000008000a5c                SPI4_IRQHandler
                0x0000000008000a5c                TIM1_CC_IRQHandler
                0x0000000008000a5c                DMA2_Stream5_IRQHandler
                0x0000000008000a5c                DMA1_Stream5_IRQHandler
                0x0000000008000a5c                PVD_IRQHandler
                0x0000000008000a5c                SDIO_IRQHandler
                0x0000000008000a5c                TAMP_STAMP_IRQHandler
                0x0000000008000a5c                EXTI3_IRQHandler
                0x0000000008000a5c                TIM1_UP_TIM10_IRQHandler
                0x0000000008000a5c                I2C3_ER_IRQHandler
                0x0000000008000a5c                EXTI0_IRQHandler
                0x0000000008000a5c                I2C2_EV_IRQHandler
                0x0000000008000a5c                DMA1_Stream2_IRQHandler
                0x0000000008000a5c                FPU_IRQHandler
                0x0000000008000a5c                DMA2_Stream2_IRQHandler
                0x0000000008000a5c                SPI1_IRQHandler
                0x0000000008000a5c                TIM1_BRK_TIM9_IRQHandler
                0x0000000008000a5c                USART6_IRQHandler
                0x0000000008000a5c                DMA2_Stream0_IRQHandler
                0x0000000008000a5c                TIM4_IRQHandler
                0x0000000008000a5c                I2C1_EV_IRQHandler
                0x0000000008000a5c                DMA1_Stream6_IRQHandler
                0x0000000008000a5c                DMA1_Stream1_IRQHandler
                0x0000000008000a5c                RCC_IRQHandler
                0x0000000008000a5c                Default_Handler
                0x0000000008000a5c                EXTI15_10_IRQHandler
                0x0000000008000a5c                ADC_IRQHandler
                0x0000000008000a5c                DMA1_Stream7_IRQHandler
                0x0000000008000a5c                SPI5_IRQHandler
                0x0000000008000a5c                TIM5_IRQHandler
                0x0000000008000a5c                DMA2_Stream7_IRQHandler
                0x0000000008000a5c                I2C3_EV_IRQHandler
                0x0000000008000a5c                EXTI9_5_IRQHandler
                0x0000000008000a5c                RTC_WKUP_IRQHandler
                0x0000000008000a5c                SPI2_IRQHandler
                0x0000000008000a5c                DMA1_Stream0_IRQHandler
                0x0000000008000a5c                EXTI4_IRQHandler
                0x0000000008000a5c                WWDG_IRQHandler
                0x0000000008000a5c                TIM2_IRQHandler
                0x0000000008000a5c                OTG_FS_WKUP_IRQHandler
                0x0000000008000a5c                TIM1_TRG_COM_TIM11_IRQHandler
                0x0000000008000a5c                EXTI1_IRQHandler
                0x0000000008000a5c                USART2_IRQHandler
                0x0000000008000a5c                I2C2_ER_IRQHandler
                0x0000000008000a5c                DMA2_Stream1_IRQHandler
                0x0000000008000a5c                FLASH_IRQHandler
                0x0000000008000a5c                DMA2_Stream4_IRQHandler
                0x0000000008000a5c                USART1_IRQHandler
                0x0000000008000a5c                OTG_FS_IRQHandler
                0x0000000008000a5c                SPI3_IRQHandler
                0x0000000008000a5c                DMA1_Stream4_IRQHandler
                0x0000000008000a5c                I2C1_ER_IRQHandler
                0x0000000008000a5c                DMA2_Stream6_IRQHandler
                0x0000000008000a5c                DMA1_Stream3_IRQHandler
 *fill*         0x0000000008000a5e        0x2 
 .text.HAL_InitTick
                0x0000000008000a60       0x48 ./Drivers/STM32F4xx_HAL_Driver/Src/stm32f4xx_hal.o
                0x0000000008000a60                HAL_InitTick
 .text.HAL_Init
                0x0000000008000aa8       0x34 ./Drivers/STM32F4xx_HAL_Driver/Src/stm32f4xx_hal.o
                0x0000000008000aa8                HAL_Init
 .text.HAL_IncTick
                0x0000000008000adc       0x18 ./Drivers/STM32F4xx_HAL_Driver/Src/stm32f4xx_hal.o
                0x0000000008000adc                HAL_IncTick
 .text.HAL_GetTick
                0x0000000008000af4        0xc ./Drivers/STM32F4xx_HAL_Driver/Src/stm32f4xx_hal.o
                0x0000000008000af4                HAL_GetTick
 .text.HAL_Delay
                0x0000000008000b00       0x28 ./Drivers/STM32F4xx_HAL_Driver/Src/stm32f4xx_hal.o
                0x0000000008000b00                HAL_Delay
 .text.HAL_NVIC_SetPriorityGrouping
                0x0000000008000b28       0x24 ./Drivers/STM32F4xx_HAL_Driver/Src/stm32f4xx_hal_cortex.o
                0x0000000008000b28                HAL_NVIC_SetPriorityGrouping
 .text.HAL_NVIC_SetPriority
                0x0000000008000b4c       0x64 ./Drivers/STM32F4xx_HAL_Driver/Src/stm32f4xx_hal_cortex.o
                0x0000000008000b4c                HAL_NVIC_SetPriority
 .text.HAL_NVIC_EnableIRQ
                0x0000000008000bb0       0x1c ./Drivers/STM32F4xx_HAL_Driver/Src/stm32f4xx_hal_cortex.o
                0x0000000008000bb0                HAL_NVIC_EnableIRQ
 .text.HAL_SYSTICK_Config
                0x0000000008000bcc       0x2c ./Drivers/STM32F4xx_HAL_Driver/Src/stm32f4xx_hal_cortex.o
                0x0000000008000bcc                HAL_SYSTICK_Config
 .text.DMA_CalcBaseAndBitshift
                0x0000000008000bf8       0x2c ./Drivers/STM32F4xx_HAL_Driver/Src/stm32f4xx_hal_dma.o
 .text.HAL_DMA_Init
                0x0000000008000c24      0x100 ./Drivers/STM32F4xx_HAL_Driver/Src/stm32f4xx_hal_dma.o
                0x0000000008000c24                HAL_DMA_Init
 .text.HAL_DMA_Start_IT
                0x0000000008000d24       0x74 ./Drivers/STM32F4xx_HAL_Driver/Src/stm32f4xx_hal_dma.o
                0x0000000008000d24                HAL_DMA_Start_IT
 .text.HAL_DMA_IRQHandler
                0x0000000008000d98      0x17c ./Drivers/STM32F4xx_HAL_Driver/Src/stm32f4xx_hal_dma.o
                0x0000000008000d98                HAL_DMA_IRQHandler
 .text.HAL_GPIO_Init
                0x0000000008000f14      0x190 ./Drivers/STM32F4xx_HAL_Driver/Src/stm32f4xx_hal_gpio.o
                0x0000000008000f14                HAL_GPIO_Init
 .text.HAL_GPIO_ReadPin
                0x00000000080010a4        0xc ./Drivers/STM32F4xx_HAL_Driver/Src/stm32f4xx_hal_gpio.o
                0x00000000080010a4                HAL_GPIO_ReadPin
 .text.HAL_GPIO_WritePin
                0x00000000080010b0        0xa ./Drivers/STM32F4xx_HAL_Driver/Src/stm32f4xx_hal_gpio.o
                0x00000000080010b0                HAL_GPIO_WritePin
 .text.HAL_GPIO_TogglePin
                0x00000000080010ba       0x12 ./Drivers/STM32F4xx_HAL_Driver/Src/stm32f4xx_hal_gpio.o
                0x00000000080010ba                HAL_GPIO_TogglePin
 .text.HAL_RCC_OscConfig
                0x00000000080010cc      0x358 ./Drivers/STM32F4xx_HAL_Driver/Src/stm32f4xx_hal_rcc.o
                0x00000000080010cc                HAL_RCC_OscConfig
 .text.HAL_RCC_EnableCSS
                0x0000000008001424        0xc ./Drivers/STM32F4xx_HAL_Driver/Src/stm32f4xx_hal_rcc.o
                0x0000000008001424                HAL_RCC_EnableCSS
 .text.HAL_RCC_GetSysClockFreq
                0x0000000008001430       0x5c ./Drivers/STM32F4xx_HAL_Driver/Src/stm32f4xx_hal_rcc.o
                0x0000000008001430                HAL_RCC_GetSysClockFreq
 .text.HAL_RCC_ClockConfig
                0x000000000800148c      0x138 ./Drivers/STM32F4xx_HAL_Driver/Src/stm32f4xx_hal_rcc.o
                0x000000000800148c                HAL_RCC_ClockConfig
 .text.HAL_RCC_CSSCallback
                0x00000000080015c4        0x2 ./Drivers/STM32F4xx_HAL_Driver/Src/stm32f4xx_hal_rcc.o
                0x00000000080015c4                HAL_RCC_CSSCallback
 *fill*         0x00000000080015c6        0x2 
 .text.HAL_RCC_NMI_IRQHandler
                0x00000000080015c8       0x20 ./Drivers/STM32F4xx_HAL_Driver/Src/stm32f4xx_hal_rcc.o
                0x00000000080015c8                HAL_RCC_NMI_IRQHandler
 .text.SPI_WaitFlagStateUntilTimeout.constprop.0
                0x00000000080015e8       0xa8 ./Drivers/STM32F4xx_HAL_Driver/Src/stm32f4xx_hal_spi.o
 .text.SPI_EndRxTxTransaction
                0x0000000008001690       0x58 ./Drivers/STM32F4xx_HAL_Driver/Src/stm32f4xx_hal_spi.o
 .text.HAL_SPI_Init
                0x00000000080016e8       0xb8 ./Drivers/STM32F4xx_HAL_Driver/Src/stm32f4xx_hal_spi.o
                0x00000000080016e8                HAL_SPI_Init
 .text.HAL_SPI_Transmit
                0x00000000080017a0      0x15a ./Drivers/STM32F4xx_HAL_Driver/Src/stm32f4xx_hal_spi.o
                0x00000000080017a0                HAL_SPI_Transmit
 .text.HAL_SPI_TransmitReceive
                0x00000000080018fa      0x1de ./Drivers/STM32F4xx_HAL_Driver/Src/stm32f4xx_hal_spi.o
                0x00000000080018fa                HAL_SPI_TransmitReceive
 .text.HAL_SPI_Transmit_DMA
                0x0000000008001ad8       0xc8 ./Drivers/STM32F4xx_HAL_Driver/Src/stm32f4xx_hal_spi.o
                0x0000000008001ad8                HAL_SPI_Transmit_DMA
 .text.HAL_SPI_TxHalfCpltCallback
                0x0000000008001ba0        0x2 ./Drivers/STM32F4xx_HAL_Driver/Src/stm32f4xx_hal_spi.o
                0x0000000008001ba0                HAL_SPI_TxHalfCpltCallback
 .text.SPI_DMAHalfTransmitCplt
                0x0000000008001ba2        0xa ./Drivers/STM32F4xx_HAL_Driver/Src/stm32f4xx_hal_spi.o
 .text.SPI_DMAError
                0x0000000008001bac       0x22 ./Drivers/STM32F4xx_HAL_Driver/Src/stm32f4xx_hal_spi.o
 .text.SPI_DMATransmitCplt
                0x0000000008001bce       0x6a ./Drivers/STM32F4xx_HAL_Driver/Src/stm32f4xx_hal_spi.o
 .text.HAL_TIM_Base_Start_IT
                0x0000000008001c38       0x64 ./Drivers/STM32F4xx_HAL_Driver/Src/stm32f4xx_hal_tim.o
                0x0000000008001c38                HAL_TIM_Base_Start_IT
 .text.HAL_TIM_OC_DelayElapsedCallback
                0x0000000008001c9c        0x2 ./Drivers/STM32F4xx_HAL_Driver/Src/stm32f4xx_hal_tim.o
                0x0000000008001c9c                HAL_TIM_OC_DelayElapsedCallback
 .text.HAL_TIM_IC_CaptureCallback
                0x0000000008001c9e        0x2 ./Drivers/STM32F4xx_HAL_Driver/Src/stm32f4xx_hal_tim.o
                0x0000000008001c9e                HAL_TIM_IC_CaptureCallback
 .text.HAL_TIM_PWM_PulseFinishedCallback
                0x0000000008001ca0        0x2 ./Drivers/STM32F4xx_HAL_Driver/Src/stm32f4xx_hal_tim.o
                0x0000000008001ca0                HAL_TIM_PWM_PulseFinishedCallback
 .text.HAL_TIM_TriggerCallback
                0x0000000008001ca2        0x2 ./Drivers/STM32F4xx_HAL_Driver/Src/stm32f4xx_hal_tim.o
                0x0000000008001ca2                HAL_TIM_TriggerCallback
 .text.HAL_TIM_IRQHandler
                0x0000000008001ca4      0x144 ./Drivers/STM32F4xx_HAL_Driver/Src/stm32f4xx_hal_tim.o
                0x0000000008001ca4                HAL_TIM_IRQHandler
 .text.TIM_Base_SetConfig
                0x0000000008001de8       0x9c ./Drivers/STM32F4xx_HAL_Driver/Src/stm32f4xx_hal_tim.o
                0x0000000008001de8                TIM_Base_SetConfig
 .text.HAL_TIM_Base_Init
                0x0000000008001e84       0x58 ./Drivers/STM32F4xx_HAL_Driver/Src/stm32f4xx_hal_tim.o
                0x0000000008001e84                HAL_TIM_Base_Init
 .text.TIM_ETR_SetConfig
                0x0000000008001edc       0x14 ./Drivers/STM32F4xx_HAL_Driver/Src/stm32f4xx_hal_tim.o
                0x0000000008001edc                TIM_ETR_SetConfig
 .text.HAL_TIM_ConfigClockSource
                0x0000000008001ef0      0x138 ./Drivers/STM32F4xx_HAL_Driver/Src/stm32f4xx_hal_tim.o
                0x0000000008001ef0                HAL_TIM_ConfigClockSource
 .text.HAL_TIMEx_MasterConfigSynchronization
                0x0000000008002028       0x6c ./Drivers/STM32F4xx_HAL_Driver/Src/stm32f4xx_hal_tim_ex.o
                0x0000000008002028                HAL_TIMEx_MasterConfigSynchronization
 .text.HAL_TIMEx_CommutCallback
                0x0000000008002094        0x2 ./Drivers/STM32F4xx_HAL_Driver/Src/stm32f4xx_hal_tim_ex.o
                0x0000000008002094                HAL_TIMEx_CommutCallback
 .text.HAL_TIMEx_BreakCallback
                0x0000000008002096        0x2 ./Drivers/STM32F4xx_HAL_Driver/Src/stm32f4xx_hal_tim_ex.o
                0x0000000008002096                HAL_TIMEx_BreakCallback
 .text.ILI9341_Select
                0x0000000008002098       0x10 ./LVGL/hal_stm_lvgl/tft/ili9341.o
                0x0000000008002098                ILI9341_Select
 .text.ILI9341_Deselect
                0x00000000080020a8       0x10 ./LVGL/hal_stm_lvgl/tft/ili9341.o
                0x00000000080020a8                ILI9341_Deselect
 .text.ILI9341_SPI_Send
                0x00000000080020b8       0x24 ./LVGL/hal_stm_lvgl/tft/ili9341.o
 .text.ILI9341_Write_Cmd
                0x00000000080020dc       0x2c ./LVGL/hal_stm_lvgl/tft/ili9341.o
 .text.ILI9341_Init
                0x0000000008002108      0x27c ./LVGL/hal_stm_lvgl/tft/ili9341.o
                0x0000000008002108                ILI9341_Init
 .text.ILI9341_Send_Data_DMA
                0x0000000008002384       0xb4 ./LVGL/hal_stm_lvgl/tft/ili9341.o
                0x0000000008002384                ILI9341_Send_Data_DMA
 .text.disp_flush
                0x0000000008002438       0x18 ./LVGL/hal_stm_lvgl/tft/tft.o
 .text.tft_init
                0x0000000008002450       0x5c ./LVGL/hal_stm_lvgl/tft/tft.o
                0x0000000008002450                tft_init
 .text.HAL_SPI_TxCpltCallback
                0x00000000080024ac       0x20 ./LVGL/hal_stm_lvgl/tft/tft.o
                0x00000000080024ac                HAL_SPI_TxCpltCallback
 .text.HAL_SPI_ErrorCallback
                0x00000000080024cc       0x1c ./LVGL/hal_stm_lvgl/tft/tft.o
                0x00000000080024cc                HAL_SPI_ErrorCallback
 .text.touchpad_read
                0x00000000080024e8       0x60 ./LVGL/hal_stm_lvgl/touch/touchpad.o
 .text.touchpad_init
                0x0000000008002548       0x28 ./LVGL/hal_stm_lvgl/touch/touchpad.o
                0x0000000008002548                touchpad_init
 .text.SendReceive_Byte.isra.0
                0x0000000008002570       0x30 ./LVGL/hal_stm_lvgl/touch/xpt2046.o
 .text.XPT2046_Select
                0x00000000080025a0       0x10 ./LVGL/hal_stm_lvgl/touch/xpt2046.o
                0x00000000080025a0                XPT2046_Select
 .text.XPT2046_Deselect
                0x00000000080025b0       0x10 ./LVGL/hal_stm_lvgl/touch/xpt2046.o
                0x00000000080025b0                XPT2046_Deselect
 .text.XPT2046_Irq_Read
                0x00000000080025c0       0x14 ./LVGL/hal_stm_lvgl/touch/xpt2046.o
                0x00000000080025c0                XPT2046_Irq_Read
 .text.XPT2046_Init
                0x00000000080025d4       0x54 ./LVGL/hal_stm_lvgl/touch/xpt2046.o
                0x00000000080025d4                XPT2046_Init
 .text.XPT2046_Get_Value
                0x0000000008002628       0x28 ./LVGL/hal_stm_lvgl/touch/xpt2046.o
                0x0000000008002628                XPT2046_Get_Value
 .text.XPT2046_Get_Touch_XY
                0x0000000008002650       0x50 ./LVGL/hal_stm_lvgl/touch/xpt2046.o
                0x0000000008002650                XPT2046_Get_Touch_XY
 .text.XPT2046_Corr
                0x00000000080026a0       0x84 ./LVGL/hal_stm_lvgl/touch/xpt2046.o
                0x00000000080026a0                XPT2046_Corr
 .text.lv_color_hex
                0x0000000008002724       0x1e ./LVGL/lv_examples/src/lv_demo_widgets/lv_demo_widgets.o
 .text.lv_scr_act
                0x0000000008002742        0xe ./LVGL/lv_examples/src/lv_demo_widgets/lv_demo_widgets.o
 .text.lv_cont_set_fit2
                0x0000000008002750       0x12 ./LVGL/lv_examples/src/lv_demo_widgets/lv_demo_widgets.o
 *fill*         0x0000000008002762        0x2 
 .text.bar_anim
                0x0000000008002764       0x60 ./LVGL/lv_examples/src/lv_demo_widgets/lv_demo_widgets.o
 .text.arc_anim
                0x00000000080027c4       0x44 ./LVGL/lv_examples/src/lv_demo_widgets/lv_demo_widgets.o
 .text.linemeter_anim
                0x0000000008002808       0x44 ./LVGL/lv_examples/src/lv_demo_widgets/lv_demo_widgets.o
 .text.gauge_anim
                0x000000000800284c       0x4c ./LVGL/lv_examples/src/lv_demo_widgets/lv_demo_widgets.o
 .text.color_chg_event_cb
                0x0000000008002898       0x50 ./LVGL/lv_examples/src/lv_demo_widgets/lv_demo_widgets.o
 .text.ta_event_cb
                0x00000000080028e8       0x84 ./LVGL/lv_examples/src/lv_demo_widgets/lv_demo_widgets.o
 .text.kb_event_cb
                0x000000000800296c       0x3c ./LVGL/lv_examples/src/lv_demo_widgets/lv_demo_widgets.o
 .text.slider_event_cb
                0x00000000080029a8       0x74 ./LVGL/lv_examples/src/lv_demo_widgets/lv_demo_widgets.o
 .text.table_event_cb
                0x0000000008002a1c       0x44 ./LVGL/lv_examples/src/lv_demo_widgets/lv_demo_widgets.o
 .text.lv_demo_widgets
                0x0000000008002a60      0xfe8 ./LVGL/lv_examples/src/lv_demo_widgets/lv_demo_widgets.o
                0x0000000008002a60                lv_demo_widgets
 .text.lv_disp_get_scr_act
                0x0000000008003a48        0xe ./LVGL/lvgl/src/lv_core/lv_disp.o
                0x0000000008003a48                lv_disp_get_scr_act
 .text.lv_disp_get_scr_prev
                0x0000000008003a56        0xe ./LVGL/lvgl/src/lv_core/lv_disp.o
                0x0000000008003a56                lv_disp_get_scr_prev
 .text.lv_disp_get_layer_top
                0x0000000008003a64        0xe ./LVGL/lvgl/src/lv_core/lv_disp.o
                0x0000000008003a64                lv_disp_get_layer_top
 .text.lv_disp_get_layer_sys
                0x0000000008003a72        0xe ./LVGL/lvgl/src/lv_core/lv_disp.o
                0x0000000008003a72                lv_disp_get_layer_sys
 .text.indev_reset_check
                0x0000000008003a80       0x18 ./LVGL/lvgl/src/lv_core/lv_indev.o
 .text.indev_proc_reset_query_handler
                0x0000000008003a98       0x40 ./LVGL/lvgl/src/lv_core/lv_indev.o
 .text.get_dragged_obj
                0x0000000008003ad8       0x24 ./LVGL/lvgl/src/lv_core/lv_indev.o
 .text.indev_drag_throw.part.0
                0x0000000008003afc      0x14c ./LVGL/lvgl/src/lv_core/lv_indev.o
 .text.lv_indev_reset.part.0
                0x0000000008003c48       0x58 ./LVGL/lvgl/src/lv_core/lv_indev.o
 .text.indev_proc_release
                0x0000000008003ca0      0x158 ./LVGL/lvgl/src/lv_core/lv_indev.o
 .text._lv_indev_init
                0x0000000008003df8        0x6 ./LVGL/lvgl/src/lv_core/lv_indev.o
                0x0000000008003df8                _lv_indev_init
 *fill*         0x0000000008003dfe        0x2 
 .text.lv_indev_get_act
                0x0000000008003e00        0xc ./LVGL/lvgl/src/lv_core/lv_indev.o
                0x0000000008003e00                lv_indev_get_act
 .text.lv_indev_get_type
                0x0000000008003e0c        0x6 ./LVGL/lvgl/src/lv_core/lv_indev.o
                0x0000000008003e0c                lv_indev_get_type
 *fill*         0x0000000008003e12        0x2 
 .text.lv_indev_reset
                0x0000000008003e14       0x58 ./LVGL/lvgl/src/lv_core/lv_indev.o
                0x0000000008003e14                lv_indev_reset
 .text.lv_indev_reset_long_press
                0x0000000008003e6c       0x1e ./LVGL/lvgl/src/lv_core/lv_indev.o
                0x0000000008003e6c                lv_indev_reset_long_press
 .text.lv_indev_get_point
                0x0000000008003e8a       0x28 ./LVGL/lvgl/src/lv_core/lv_indev.o
                0x0000000008003e8a                lv_indev_get_point
 .text.lv_indev_is_dragging
                0x0000000008003eb2       0x1a ./LVGL/lvgl/src/lv_core/lv_indev.o
                0x0000000008003eb2                lv_indev_is_dragging
 .text.lv_indev_get_vect
                0x0000000008003ecc       0x20 ./LVGL/lvgl/src/lv_core/lv_indev.o
                0x0000000008003ecc                lv_indev_get_vect
 .text.lv_indev_finish_drag
                0x0000000008003eec       0x4a ./LVGL/lvgl/src/lv_core/lv_indev.o
                0x0000000008003eec                lv_indev_finish_drag
 .text.lv_indev_search_obj
                0x0000000008003f36       0x78 ./LVGL/lvgl/src/lv_core/lv_indev.o
                0x0000000008003f36                lv_indev_search_obj
 *fill*         0x0000000008003fae        0x2 
 .text.indev_proc_press
                0x0000000008003fb0      0x6c0 ./LVGL/lvgl/src/lv_core/lv_indev.o
 .text._lv_indev_read_task
                0x0000000008004670      0x170 ./LVGL/lvgl/src/lv_core/lv_indev.o
                0x0000000008004670                _lv_indev_read_task
 .text.style_prop_is_cacheble
                0x00000000080047e0      0x11c ./LVGL/lvgl/src/lv_core/lv_obj.o
 .text.refresh_children_position
                0x00000000080048fc       0x4e ./LVGL/lvgl/src/lv_core/lv_obj.o
 .text.lv_area_copy
                0x000000000800494a       0x14 ./LVGL/lvgl/src/lv_core/lv_obj.o
 *fill*         0x000000000800495e        0x2 
 .text.lv_init  0x0000000008004960       0x70 ./LVGL/lvgl/src/lv_core/lv_obj.o
                0x0000000008004960                lv_init
 .text.lv_obj_set_ext_click_area
                0x00000000080049d0       0x1a ./LVGL/lvgl/src/lv_core/lv_obj.o
                0x00000000080049d0                lv_obj_set_ext_click_area
 .text.lv_obj_set_adv_hittest
                0x00000000080049ea        0xe ./LVGL/lvgl/src/lv_core/lv_obj.o
                0x00000000080049ea                lv_obj_set_adv_hittest
 .text.lv_obj_set_click
                0x00000000080049f8        0xe ./LVGL/lvgl/src/lv_core/lv_obj.o
                0x00000000080049f8                lv_obj_set_click
 .text.lv_obj_set_drag
                0x0000000008004a06       0x1c ./LVGL/lvgl/src/lv_core/lv_obj.o
                0x0000000008004a06                lv_obj_set_drag
 .text.lv_obj_set_drag_dir
                0x0000000008004a22       0x24 ./LVGL/lvgl/src/lv_core/lv_obj.o
                0x0000000008004a22                lv_obj_set_drag_dir
 .text.lv_obj_set_drag_throw
                0x0000000008004a46        0xe ./LVGL/lvgl/src/lv_core/lv_obj.o
                0x0000000008004a46                lv_obj_set_drag_throw
 .text.lv_obj_set_drag_parent
                0x0000000008004a54        0xe ./LVGL/lvgl/src/lv_core/lv_obj.o
                0x0000000008004a54                lv_obj_set_drag_parent
 .text.lv_obj_set_focus_parent
                0x0000000008004a62        0xe ./LVGL/lvgl/src/lv_core/lv_obj.o
                0x0000000008004a62                lv_obj_set_focus_parent
 .text.lv_obj_add_protect
                0x0000000008004a70        0xc ./LVGL/lvgl/src/lv_core/lv_obj.o
                0x0000000008004a70                lv_obj_add_protect
 .text.lv_obj_clear_protect
                0x0000000008004a7c        0xe ./LVGL/lvgl/src/lv_core/lv_obj.o
                0x0000000008004a7c                lv_obj_clear_protect
 .text.lv_obj_set_event_cb
                0x0000000008004a8a        0x4 ./LVGL/lvgl/src/lv_core/lv_obj.o
                0x0000000008004a8a                lv_obj_set_event_cb
 *fill*         0x0000000008004a8e        0x2 
 .text.lv_event_send_func
                0x0000000008004a90       0x88 ./LVGL/lvgl/src/lv_core/lv_obj.o
                0x0000000008004a90                lv_event_send_func
 .text.lv_event_send
                0x0000000008004b18       0x12 ./LVGL/lvgl/src/lv_core/lv_obj.o
                0x0000000008004b18                lv_event_send
 *fill*         0x0000000008004b2a        0x2 
 .text.lv_event_get_data
                0x0000000008004b2c        0xc ./LVGL/lvgl/src/lv_core/lv_obj.o
                0x0000000008004b2c                lv_event_get_data
 .text.lv_obj_set_signal_cb
                0x0000000008004b38        0x4 ./LVGL/lvgl/src/lv_core/lv_obj.o
                0x0000000008004b38                lv_obj_set_signal_cb
 .text.lv_signal_send
                0x0000000008004b3c        0xc ./LVGL/lvgl/src/lv_core/lv_obj.o
                0x0000000008004b3c                lv_signal_send
 .text.lv_obj_set_design_cb
                0x0000000008004b48        0x4 ./LVGL/lvgl/src/lv_core/lv_obj.o
                0x0000000008004b48                lv_obj_set_design_cb
 .text.lv_obj_allocate_ext_attr
                0x0000000008004b4c       0x10 ./LVGL/lvgl/src/lv_core/lv_obj.o
                0x0000000008004b4c                lv_obj_allocate_ext_attr
 .text.lv_obj_refresh_ext_draw_pad
                0x0000000008004b5c        0xa ./LVGL/lvgl/src/lv_core/lv_obj.o
                0x0000000008004b5c                lv_obj_refresh_ext_draw_pad
 .text.lv_obj_get_screen
                0x0000000008004b66        0xc ./LVGL/lvgl/src/lv_core/lv_obj.o
                0x0000000008004b66                lv_obj_get_screen
 *fill*         0x0000000008004b72        0x2 
 .text.lv_obj_get_disp
                0x0000000008004b74       0x4c ./LVGL/lvgl/src/lv_core/lv_obj.o
                0x0000000008004b74                lv_obj_get_disp
 .text.lv_obj_area_is_visible
                0x0000000008004bc0       0xb8 ./LVGL/lvgl/src/lv_core/lv_obj.o
                0x0000000008004bc0                lv_obj_area_is_visible
 .text.lv_obj_is_visible
                0x0000000008004c78       0x48 ./LVGL/lvgl/src/lv_core/lv_obj.o
                0x0000000008004c78                lv_obj_is_visible
 .text.lv_obj_invalidate_area
                0x0000000008004cc0       0x24 ./LVGL/lvgl/src/lv_core/lv_obj.o
                0x0000000008004cc0                lv_obj_invalidate_area
 .text.lv_obj_invalidate
                0x0000000008004ce4       0x48 ./LVGL/lvgl/src/lv_core/lv_obj.o
                0x0000000008004ce4                lv_obj_invalidate
 .text.lv_obj_move_foreground
                0x0000000008004d2c       0x3a ./LVGL/lvgl/src/lv_core/lv_obj.o
                0x0000000008004d2c                lv_obj_move_foreground
 .text.lv_obj_set_pos
                0x0000000008004d66       0x86 ./LVGL/lvgl/src/lv_core/lv_obj.o
                0x0000000008004d66                lv_obj_set_pos
 .text.lv_obj_align
                0x0000000008004dec       0x6e ./LVGL/lvgl/src/lv_core/lv_obj.o
                0x0000000008004dec                lv_obj_align
 .text.lv_obj_set_hidden
                0x0000000008004e5a       0x3a ./LVGL/lvgl/src/lv_core/lv_obj.o
                0x0000000008004e5a                lv_obj_set_hidden
 .text.lv_obj_get_parent
                0x0000000008004e94        0x4 ./LVGL/lvgl/src/lv_core/lv_obj.o
                0x0000000008004e94                lv_obj_get_parent
 .text.lv_obj_get_child
                0x0000000008004e98        0xc ./LVGL/lvgl/src/lv_core/lv_obj.o
                0x0000000008004e98                lv_obj_get_child
 .text.base_dir_refr_children
                0x0000000008004ea4       0x36 ./LVGL/lvgl/src/lv_core/lv_obj.o
 .text.lv_obj_set_base_dir
                0x0000000008004eda       0x28 ./LVGL/lvgl/src/lv_core/lv_obj.o
                0x0000000008004eda                lv_obj_set_base_dir
 .text.refresh_children_style
                0x0000000008004f02       0x36 ./LVGL/lvgl/src/lv_core/lv_obj.o
 .text.lv_obj_get_child_back
                0x0000000008004f38        0xc ./LVGL/lvgl/src/lv_core/lv_obj.o
                0x0000000008004f38                lv_obj_get_child_back
 .text.lv_obj_get_coords
                0x0000000008004f44        0xc ./LVGL/lvgl/src/lv_core/lv_obj.o
                0x0000000008004f44                lv_obj_get_coords
 .text.lv_obj_get_x
                0x0000000008004f50       0x10 ./LVGL/lvgl/src/lv_core/lv_obj.o
                0x0000000008004f50                lv_obj_get_x
 .text.lv_obj_set_y
                0x0000000008004f60       0x16 ./LVGL/lvgl/src/lv_core/lv_obj.o
                0x0000000008004f60                lv_obj_set_y
 .text.lv_obj_get_y
                0x0000000008004f76       0x10 ./LVGL/lvgl/src/lv_core/lv_obj.o
                0x0000000008004f76                lv_obj_get_y
 .text.lv_obj_set_x
                0x0000000008004f86       0x14 ./LVGL/lvgl/src/lv_core/lv_obj.o
                0x0000000008004f86                lv_obj_set_x
 .text.obj_align_mid_core
                0x0000000008004f9a      0x14e ./LVGL/lvgl/src/lv_core/lv_obj.o
 .text.lv_obj_align_mid
                0x00000000080050e8       0x44 ./LVGL/lvgl/src/lv_core/lv_obj.o
                0x00000000080050e8                lv_obj_align_mid
 .text.lv_obj_realign
                0x000000000800512c       0x28 ./LVGL/lvgl/src/lv_core/lv_obj.o
                0x000000000800512c                lv_obj_realign
 .text.lv_obj_set_size
                0x0000000008005154       0x92 ./LVGL/lvgl/src/lv_core/lv_obj.o
                0x0000000008005154                lv_obj_set_size
 .text.lv_obj_set_width
                0x00000000080051e6        0xe ./LVGL/lvgl/src/lv_core/lv_obj.o
                0x00000000080051e6                lv_obj_set_width
 .text.lv_obj_set_height
                0x00000000080051f4       0x16 ./LVGL/lvgl/src/lv_core/lv_obj.o
                0x00000000080051f4                lv_obj_set_height
 *fill*         0x000000000800520a        0x2 
 .text.lv_obj_create
                0x000000000800520c      0x2d4 ./LVGL/lvgl/src/lv_core/lv_obj.o
                0x000000000800520c                lv_obj_create
 .text.lv_obj_set_parent
                0x00000000080054e0       0x5e ./LVGL/lvgl/src/lv_core/lv_obj.o
                0x00000000080054e0                lv_obj_set_parent
 .text.lv_obj_get_width
                0x000000000800553e        0xc ./LVGL/lvgl/src/lv_core/lv_obj.o
                0x000000000800553e                lv_obj_get_width
 .text.lv_obj_get_height
                0x000000000800554a        0xc ./LVGL/lvgl/src/lv_core/lv_obj.o
                0x000000000800554a                lv_obj_get_height
 .text.lv_obj_get_auto_realign
                0x0000000008005556        0xa ./LVGL/lvgl/src/lv_core/lv_obj.o
                0x0000000008005556                lv_obj_get_auto_realign
 .text.lv_obj_get_style_list
                0x0000000008005560       0x24 ./LVGL/lvgl/src/lv_core/lv_obj.o
                0x0000000008005560                lv_obj_get_style_list
 .text.trans_del
                0x0000000008005584       0x74 ./LVGL/lvgl/src/lv_core/lv_obj.o
 .text.obj_del_core
                0x00000000080055f8       0xb0 ./LVGL/lvgl/src/lv_core/lv_obj.o
 .text.lv_obj_del
                0x00000000080056a8       0x40 ./LVGL/lvgl/src/lv_core/lv_obj.o
                0x00000000080056a8                lv_obj_del
 .text.lv_obj_clean_style_list
                0x00000000080056e8       0x22 ./LVGL/lvgl/src/lv_core/lv_obj.o
                0x00000000080056e8                lv_obj_clean_style_list
 .text._lv_obj_disable_style_caching
                0x000000000800570a       0x3e ./LVGL/lvgl/src/lv_core/lv_obj.o
                0x000000000800570a                _lv_obj_disable_style_caching
 .text.trans_anim_ready_cb
                0x0000000008005748       0x64 ./LVGL/lvgl/src/lv_core/lv_obj.o
 .text.lv_obj_get_hidden
                0x00000000080057ac        0xa ./LVGL/lvgl/src/lv_core/lv_obj.o
                0x00000000080057ac                lv_obj_get_hidden
 .text.lv_obj_get_click
                0x00000000080057b6        0xa ./LVGL/lvgl/src/lv_core/lv_obj.o
                0x00000000080057b6                lv_obj_get_click
 .text.lv_obj_get_drag
                0x00000000080057c0        0xa ./LVGL/lvgl/src/lv_core/lv_obj.o
                0x00000000080057c0                lv_obj_get_drag
 .text.lv_obj_get_drag_dir
                0x00000000080057ca        0xa ./LVGL/lvgl/src/lv_core/lv_obj.o
                0x00000000080057ca                lv_obj_get_drag_dir
 .text.lv_obj_get_drag_throw
                0x00000000080057d4        0xa ./LVGL/lvgl/src/lv_core/lv_obj.o
                0x00000000080057d4                lv_obj_get_drag_throw
 .text.lv_obj_get_drag_parent
                0x00000000080057de        0xa ./LVGL/lvgl/src/lv_core/lv_obj.o
                0x00000000080057de                lv_obj_get_drag_parent
 .text.lv_obj_get_gesture_parent
                0x00000000080057e8        0xa ./LVGL/lvgl/src/lv_core/lv_obj.o
                0x00000000080057e8                lv_obj_get_gesture_parent
 .text.lv_obj_get_base_dir
                0x00000000080057f2        0x4 ./LVGL/lvgl/src/lv_core/lv_obj.o
                0x00000000080057f2                lv_obj_get_base_dir
 .text.lv_obj_is_protected
                0x00000000080057f6        0xe ./LVGL/lvgl/src/lv_core/lv_obj.o
                0x00000000080057f6                lv_obj_is_protected
 .text.lv_obj_get_state
                0x0000000008005804       0x28 ./LVGL/lvgl/src/lv_core/lv_obj.o
                0x0000000008005804                lv_obj_get_state
 .text._lv_obj_get_style_color
                0x000000000800582c       0x68 ./LVGL/lvgl/src/lv_core/lv_obj.o
                0x000000000800582c                _lv_obj_get_style_color
 .text._lv_obj_get_style_int
                0x0000000008005894      0x1f8 ./LVGL/lvgl/src/lv_core/lv_obj.o
                0x0000000008005894                _lv_obj_get_style_int
 .text.lv_obj_get_style_clip_corner
                0x0000000008005a8c       0x10 ./LVGL/lvgl/src/lv_core/lv_obj.o
 .text.lv_obj_set_width_margin
                0x0000000008005a9c       0x2a ./LVGL/lvgl/src/lv_core/lv_obj.o
                0x0000000008005a9c                lv_obj_set_width_margin
 .text.lv_obj_set_height_margin
                0x0000000008005ac6       0x2a ./LVGL/lvgl/src/lv_core/lv_obj.o
                0x0000000008005ac6                lv_obj_set_height_margin
 .text.lv_obj_get_width_fit
                0x0000000008005af0       0x28 ./LVGL/lvgl/src/lv_core/lv_obj.o
                0x0000000008005af0                lv_obj_get_width_fit
 .text.lv_obj_get_width_grid
                0x0000000008005b18       0x32 ./LVGL/lvgl/src/lv_core/lv_obj.o
                0x0000000008005b18                lv_obj_get_width_grid
 .text.lv_obj_get_height_fit
                0x0000000008005b4a       0x28 ./LVGL/lvgl/src/lv_core/lv_obj.o
                0x0000000008005b4a                lv_obj_get_height_fit
 .text.lv_obj_get_inner_coords
                0x0000000008005b72       0x44 ./LVGL/lvgl/src/lv_core/lv_obj.o
                0x0000000008005b72                lv_obj_get_inner_coords
 *fill*         0x0000000008005bb6        0x2 
 .text.update_style_cache
                0x0000000008005bb8      0x2b4 ./LVGL/lvgl/src/lv_core/lv_obj.o
 .text._lv_obj_get_style_opa
                0x0000000008005e6c       0xca ./LVGL/lvgl/src/lv_core/lv_obj.o
                0x0000000008005e6c                _lv_obj_get_style_opa
 *fill*         0x0000000008005f36        0x2 
 .text._lv_obj_get_style_ptr
                0x0000000008005f38       0xc4 ./LVGL/lvgl/src/lv_core/lv_obj.o
                0x0000000008005f38                _lv_obj_get_style_ptr
 .text.trans_anim_start_cb
                0x0000000008005ffc       0x4c ./LVGL/lvgl/src/lv_core/lv_obj.o
 .text.update_style_cache_children
                0x0000000008006048       0xf2 ./LVGL/lvgl/src/lv_core/lv_obj.o
 .text.invalidate_style_cache.isra.0
                0x000000000800613a       0x5e ./LVGL/lvgl/src/lv_core/lv_obj.o
 .text.lv_obj_refresh_style
                0x0000000008006198      0x108 ./LVGL/lvgl/src/lv_core/lv_obj.o
                0x0000000008006198                lv_obj_refresh_style
 .text.lv_obj_add_style
                0x00000000080062a0       0x32 ./LVGL/lvgl/src/lv_core/lv_obj.o
                0x00000000080062a0                lv_obj_add_style
 .text.lv_obj_reset_style_list
                0x00000000080062d2       0x18 ./LVGL/lvgl/src/lv_core/lv_obj.o
                0x00000000080062d2                lv_obj_reset_style_list
 .text._lv_obj_set_style_local_int
                0x00000000080062ea       0x34 ./LVGL/lvgl/src/lv_core/lv_obj.o
                0x00000000080062ea                _lv_obj_set_style_local_int
 .text._lv_obj_set_style_local_color
                0x000000000800631e       0x36 ./LVGL/lvgl/src/lv_core/lv_obj.o
                0x000000000800631e                _lv_obj_set_style_local_color
 .text._lv_obj_set_style_local_opa
                0x0000000008006354       0x34 ./LVGL/lvgl/src/lv_core/lv_obj.o
                0x0000000008006354                _lv_obj_set_style_local_opa
 .text._lv_obj_set_style_local_ptr
                0x0000000008006388       0x34 ./LVGL/lvgl/src/lv_core/lv_obj.o
                0x0000000008006388                _lv_obj_set_style_local_ptr
 .text.report_style_mod_core
                0x00000000080063bc       0x84 ./LVGL/lvgl/src/lv_core/lv_obj.o
 .text.lv_obj_report_style_mod
                0x0000000008006440       0x34 ./LVGL/lvgl/src/lv_core/lv_obj.o
                0x0000000008006440                lv_obj_report_style_mod
 .text.trans_anim_cb
                0x0000000008006474      0x116 ./LVGL/lvgl/src/lv_core/lv_obj.o
 .text.lv_obj_get_signal_cb
                0x000000000800658a        0x4 ./LVGL/lvgl/src/lv_core/lv_obj.o
                0x000000000800658a                lv_obj_get_signal_cb
 .text.lv_obj_get_design_cb
                0x000000000800658e        0x4 ./LVGL/lvgl/src/lv_core/lv_obj.o
                0x000000000800658e                lv_obj_get_design_cb
 .text.lv_obj_get_ext_attr
                0x0000000008006592        0x4 ./LVGL/lvgl/src/lv_core/lv_obj.o
                0x0000000008006592                lv_obj_get_ext_attr
 .text.lv_obj_get_type
                0x0000000008006596       0x56 ./LVGL/lvgl/src/lv_core/lv_obj.o
                0x0000000008006596                lv_obj_get_type
 .text.lv_obj_is_focused
                0x00000000080065ec        0x4 ./LVGL/lvgl/src/lv_core/lv_obj.o
                0x00000000080065ec                lv_obj_is_focused
 .text.lv_obj_is_point_on_coords
                0x00000000080065f0       0x38 ./LVGL/lvgl/src/lv_core/lv_obj.o
                0x00000000080065f0                lv_obj_is_point_on_coords
 .text.lv_obj_hittest
                0x0000000008006628       0x28 ./LVGL/lvgl/src/lv_core/lv_obj.o
                0x0000000008006628                lv_obj_hittest
 .text.lv_obj_handle_get_type_signal
                0x0000000008006650       0x1c ./LVGL/lvgl/src/lv_core/lv_obj.o
                0x0000000008006650                lv_obj_handle_get_type_signal
 .text.lv_obj_init_draw_rect_dsc
                0x000000000800666c       0xa2 ./LVGL/lvgl/src/lv_core/lv_obj.o
                0x000000000800666c                lv_obj_init_draw_rect_dsc
 .text.lv_obj_design
                0x000000000800670e      0x270 ./LVGL/lvgl/src/lv_core/lv_obj.o
 .text.lv_obj_init_draw_label_dsc
                0x000000000800697e       0x8c ./LVGL/lvgl/src/lv_core/lv_obj.o
                0x000000000800697e                lv_obj_init_draw_label_dsc
 .text.lv_obj_init_draw_img_dsc
                0x0000000008006a0a       0x68 ./LVGL/lvgl/src/lv_core/lv_obj.o
                0x0000000008006a0a                lv_obj_init_draw_img_dsc
 .text.lv_obj_init_draw_line_dsc
                0x0000000008006a72       0x66 ./LVGL/lvgl/src/lv_core/lv_obj.o
                0x0000000008006a72                lv_obj_init_draw_line_dsc
 .text.style_snapshot
                0x0000000008006ad8      0x1e6 ./LVGL/lvgl/src/lv_core/lv_obj.o
 *fill*         0x0000000008006cbe        0x2 
 .text.lv_obj_set_state
                0x0000000008006cc0      0x530 ./LVGL/lvgl/src/lv_core/lv_obj.o
                0x0000000008006cc0                lv_obj_set_state
 .text.lv_obj_add_state
                0x00000000080071f0       0x14 ./LVGL/lvgl/src/lv_core/lv_obj.o
                0x00000000080071f0                lv_obj_add_state
 .text.lv_obj_clear_state
                0x0000000008007204       0x14 ./LVGL/lvgl/src/lv_core/lv_obj.o
                0x0000000008007204                lv_obj_clear_state
 .text.lv_obj_get_draw_rect_ext_pad_size
                0x0000000008007218      0x1f4 ./LVGL/lvgl/src/lv_core/lv_obj.o
                0x0000000008007218                lv_obj_get_draw_rect_ext_pad_size
 .text.lv_obj_get_focused_obj
                0x000000000800740c       0x10 ./LVGL/lvgl/src/lv_core/lv_obj.o
                0x000000000800740c                lv_obj_get_focused_obj
 .text.lv_obj_signal
                0x000000000800741c       0xc0 ./LVGL/lvgl/src/lv_core/lv_obj.o
 .text.lv_refr_get_top_obj
                0x00000000080074dc       0x5c ./LVGL/lvgl/src/lv_core/lv_refr.o
 .text.lv_refr_obj
                0x0000000008007538       0xde ./LVGL/lvgl/src/lv_core/lv_refr.o
 *fill*         0x0000000008007616        0x2 
 .text.lv_refr_obj_and_children
                0x0000000008007618       0x5c ./LVGL/lvgl/src/lv_core/lv_refr.o
 .text.lv_refr_vdb_flush
                0x0000000008007674      0x394 ./LVGL/lvgl/src/lv_core/lv_refr.o
 .text.lv_refr_area_part
                0x0000000008007a08      0x124 ./LVGL/lvgl/src/lv_core/lv_refr.o
 .text._lv_refr_init
                0x0000000008007b2c        0x2 ./LVGL/lvgl/src/lv_core/lv_refr.o
                0x0000000008007b2c                _lv_refr_init
 .text._lv_inv_area
                0x0000000008007b2e       0xd4 ./LVGL/lvgl/src/lv_core/lv_refr.o
                0x0000000008007b2e                _lv_inv_area
 *fill*         0x0000000008007c02        0x2 
 .text._lv_refr_get_disp_refreshing
                0x0000000008007c04        0xc ./LVGL/lvgl/src/lv_core/lv_refr.o
                0x0000000008007c04                _lv_refr_get_disp_refreshing
 .text._lv_disp_refr_task
                0x0000000008007c10      0x5ac ./LVGL/lvgl/src/lv_core/lv_refr.o
                0x0000000008007c10                _lv_disp_refr_task
 .text._lv_memcpy_small
                0x00000000080081bc       0x16 ./LVGL/lvgl/src/lv_core/lv_style.o
 .text.lv_style_list_get_style
                0x00000000080081d2       0x28 ./LVGL/lvgl/src/lv_core/lv_style.o
 .text.get_prop_size
                0x00000000080081fa       0x16 ./LVGL/lvgl/src/lv_core/lv_style.o
 .text.get_style_prop_attr
                0x0000000008008210       0x1c ./LVGL/lvgl/src/lv_core/lv_style.o
 .text.style_resize.isra.0
                0x000000000800822c       0x16 ./LVGL/lvgl/src/lv_core/lv_style.o
 .text.get_property_index
                0x0000000008008242       0x7c ./LVGL/lvgl/src/lv_core/lv_style.o
 .text.lv_style_init
                0x00000000080082be        0x6 ./LVGL/lvgl/src/lv_core/lv_style.o
                0x00000000080082be                lv_style_init
 .text.lv_style_list_init
                0x00000000080082c4        0x6 ./LVGL/lvgl/src/lv_core/lv_style.o
                0x00000000080082c4                lv_style_list_init
 .text._lv_style_list_remove_style
                0x00000000080082ca       0x8e ./LVGL/lvgl/src/lv_core/lv_style.o
                0x00000000080082ca                _lv_style_list_remove_style
 .text._lv_style_list_add_style
                0x0000000008008358       0x64 ./LVGL/lvgl/src/lv_core/lv_style.o
                0x0000000008008358                _lv_style_list_add_style
 .text.get_alloc_local_style
                0x00000000080083bc       0x36 ./LVGL/lvgl/src/lv_core/lv_style.o
 .text.lv_style_reset
                0x00000000080083f2       0x14 ./LVGL/lvgl/src/lv_core/lv_style.o
                0x00000000080083f2                lv_style_reset
 .text._lv_style_get_mem_size
                0x0000000008008406       0x32 ./LVGL/lvgl/src/lv_core/lv_style.o
                0x0000000008008406                _lv_style_get_mem_size
 .text.lv_style_copy
                0x0000000008008438       0x26 ./LVGL/lvgl/src/lv_core/lv_style.o
                0x0000000008008438                lv_style_copy
 .text.lv_style_remove_prop
                0x000000000800845e       0x4e ./LVGL/lvgl/src/lv_core/lv_style.o
                0x000000000800845e                lv_style_remove_prop
 .text._lv_style_set_int
                0x00000000080084ac       0x88 ./LVGL/lvgl/src/lv_core/lv_style.o
                0x00000000080084ac                _lv_style_set_int
 .text._lv_style_set_color
                0x0000000008008534       0x88 ./LVGL/lvgl/src/lv_core/lv_style.o
                0x0000000008008534                _lv_style_set_color
 .text._lv_style_set_opa
                0x00000000080085bc       0x8c ./LVGL/lvgl/src/lv_core/lv_style.o
                0x00000000080085bc                _lv_style_set_opa
 .text._lv_style_set_ptr
                0x0000000008008648       0x88 ./LVGL/lvgl/src/lv_core/lv_style.o
                0x0000000008008648                _lv_style_set_ptr
 .text._lv_style_get_int
                0x00000000080086d0       0x30 ./LVGL/lvgl/src/lv_core/lv_style.o
                0x00000000080086d0                _lv_style_get_int
 .text._lv_style_get_opa
                0x0000000008008700       0x30 ./LVGL/lvgl/src/lv_core/lv_style.o
                0x0000000008008700                _lv_style_get_opa
 .text._lv_style_get_color
                0x0000000008008730       0x30 ./LVGL/lvgl/src/lv_core/lv_style.o
                0x0000000008008730                _lv_style_get_color
 .text._lv_style_get_ptr
                0x0000000008008760       0x30 ./LVGL/lvgl/src/lv_core/lv_style.o
                0x0000000008008760                _lv_style_get_ptr
 .text.lv_style_list_get_local_style
                0x0000000008008790       0x18 ./LVGL/lvgl/src/lv_core/lv_style.o
                0x0000000008008790                lv_style_list_get_local_style
 .text._lv_style_list_get_transition_style
                0x00000000080087a8       0x10 ./LVGL/lvgl/src/lv_core/lv_style.o
                0x00000000080087a8                _lv_style_list_get_transition_style
 .text._lv_style_list_reset
                0x00000000080087b8       0x58 ./LVGL/lvgl/src/lv_core/lv_style.o
                0x00000000080087b8                _lv_style_list_reset
 .text.lv_style_list_copy
                0x0000000008008810       0xf2 ./LVGL/lvgl/src/lv_core/lv_style.o
                0x0000000008008810                lv_style_list_copy
 .text._lv_style_list_add_trans_style
                0x0000000008008902       0x44 ./LVGL/lvgl/src/lv_core/lv_style.o
                0x0000000008008902                _lv_style_list_add_trans_style
 .text._lv_style_list_set_local_int
                0x0000000008008946       0x18 ./LVGL/lvgl/src/lv_core/lv_style.o
                0x0000000008008946                _lv_style_list_set_local_int
 .text._lv_style_list_set_local_opa
                0x000000000800895e       0x18 ./LVGL/lvgl/src/lv_core/lv_style.o
                0x000000000800895e                _lv_style_list_set_local_opa
 .text._lv_style_list_set_local_color
                0x0000000008008976       0x18 ./LVGL/lvgl/src/lv_core/lv_style.o
                0x0000000008008976                _lv_style_list_set_local_color
 .text._lv_style_list_set_local_ptr
                0x000000000800898e       0x18 ./LVGL/lvgl/src/lv_core/lv_style.o
                0x000000000800898e                _lv_style_list_set_local_ptr
 .text._lv_style_list_get_int
                0x00000000080089a6       0x84 ./LVGL/lvgl/src/lv_core/lv_style.o
                0x00000000080089a6                _lv_style_list_get_int
 .text._lv_style_list_get_color
                0x0000000008008a2a       0x82 ./LVGL/lvgl/src/lv_core/lv_style.o
                0x0000000008008a2a                _lv_style_list_get_color
 .text._lv_style_list_get_opa
                0x0000000008008aac       0x84 ./LVGL/lvgl/src/lv_core/lv_style.o
                0x0000000008008aac                _lv_style_list_get_opa
 .text._lv_style_list_get_ptr
                0x0000000008008b30       0x7a ./LVGL/lvgl/src/lv_core/lv_style.o
                0x0000000008008b30                _lv_style_list_get_ptr
 .text.get_rounded_area
                0x0000000008008baa       0x88 ./LVGL/lvgl/src/lv_draw/lv_draw_arc.o
 .text.lv_draw_arc
                0x0000000008008c32      0x7d2 ./LVGL/lvgl/src/lv_draw/lv_draw_arc.o
                0x0000000008008c32                lv_draw_arc
 .text.lv_color_mix
                0x0000000008009404       0x6c ./LVGL/lvgl/src/lv_draw/lv_draw_blend.o
 .text._lv_blend_fill
                0x0000000008009470      0x46a ./LVGL/lvgl/src/lv_draw/lv_draw_blend.o
                0x0000000008009470                _lv_blend_fill
 .text._lv_blend_map
                0x00000000080098da      0x440 ./LVGL/lvgl/src/lv_draw/lv_draw_blend.o
                0x00000000080098da                _lv_blend_map
 *fill*         0x0000000008009d1a        0x2 
 .text.show_error
                0x0000000008009d1c       0x40 ./LVGL/lvgl/src/lv_draw/lv_draw_img.o
 .text.lv_area_copy
                0x0000000008009d5c       0x14 ./LVGL/lvgl/src/lv_draw/lv_draw_img.o
 .text.lv_draw_map
                0x0000000008009d70      0x4f2 ./LVGL/lvgl/src/lv_draw/lv_draw_img.o
 .text.lv_draw_img_dsc_init
                0x000000000800a262       0x22 ./LVGL/lvgl/src/lv_draw/lv_draw_img.o
                0x000000000800a262                lv_draw_img_dsc_init
 .text.lv_img_cf_is_chroma_keyed
                0x000000000800a284       0x14 ./LVGL/lvgl/src/lv_draw/lv_draw_img.o
                0x000000000800a284                lv_img_cf_is_chroma_keyed
 .text.lv_img_cf_has_alpha
                0x000000000800a298       0x1c ./LVGL/lvgl/src/lv_draw/lv_draw_img.o
                0x000000000800a298                lv_img_cf_has_alpha
 .text.lv_draw_img
                0x000000000800a2b4      0x1c8 ./LVGL/lvgl/src/lv_draw/lv_draw_img.o
                0x000000000800a2b4                lv_draw_img
 .text.lv_img_src_get_type
                0x000000000800a47c       0x20 ./LVGL/lvgl/src/lv_draw/lv_draw_img.o
                0x000000000800a47c                lv_img_src_get_type
 .text.hex_char_to_num
                0x000000000800a49c       0x24 ./LVGL/lvgl/src/lv_draw/lv_draw_label.o
 .text.lv_draw_label_dsc_init
                0x000000000800a4c0       0x30 ./LVGL/lvgl/src/lv_draw/lv_draw_label.o
                0x000000000800a4c0                lv_draw_label_dsc_init
 .text.lv_draw_label
                0x000000000800a4f0      0xcf0 ./LVGL/lvgl/src/lv_draw/lv_draw_label.o
                0x000000000800a4f0                lv_draw_label
 .text.lv_draw_line_dsc_init
                0x000000000800b1e0       0x18 ./LVGL/lvgl/src/lv_draw/lv_draw_line.o
                0x000000000800b1e0                lv_draw_line_dsc_init
 .text.lv_draw_line
                0x000000000800b1f8      0x80c ./LVGL/lvgl/src/lv_draw/lv_draw_line.o
                0x000000000800b1f8                lv_draw_line
 .text.mask_mix
                0x000000000800ba04       0x1c ./LVGL/lvgl/src/lv_draw/lv_draw_mask.o
 .text.lv_draw_mask_line
                0x000000000800ba20      0x36c ./LVGL/lvgl/src/lv_draw/lv_draw_mask.o
 .text.lv_draw_mask_angle
                0x000000000800bd8c      0x248 ./LVGL/lvgl/src/lv_draw/lv_draw_mask.o
 .text.lv_draw_mask_fade
                0x000000000800bfd4       0xb4 ./LVGL/lvgl/src/lv_draw/lv_draw_mask.o
 .text._lv_memcpy_small.constprop.0
                0x000000000800c088       0x18 ./LVGL/lvgl/src/lv_draw/lv_draw_mask.o
 .text.lv_draw_mask_radius
                0x000000000800c0a0      0x47c ./LVGL/lvgl/src/lv_draw/lv_draw_mask.o
 .text.lv_draw_mask_add
                0x000000000800c51c       0x2c ./LVGL/lvgl/src/lv_draw/lv_draw_mask.o
                0x000000000800c51c                lv_draw_mask_add
 .text.lv_draw_mask_apply
                0x000000000800c548       0x44 ./LVGL/lvgl/src/lv_draw/lv_draw_mask.o
                0x000000000800c548                lv_draw_mask_apply
 .text.lv_draw_mask_remove_id
                0x000000000800c58c       0x28 ./LVGL/lvgl/src/lv_draw/lv_draw_mask.o
                0x000000000800c58c                lv_draw_mask_remove_id
 .text.lv_draw_mask_remove_custom
                0x000000000800c5b4       0x28 ./LVGL/lvgl/src/lv_draw/lv_draw_mask.o
                0x000000000800c5b4                lv_draw_mask_remove_custom
 .text.lv_draw_mask_get_cnt
                0x000000000800c5dc       0x1c ./LVGL/lvgl/src/lv_draw/lv_draw_mask.o
                0x000000000800c5dc                lv_draw_mask_get_cnt
 .text.lv_draw_mask_line_points_init
                0x000000000800c5f8      0x108 ./LVGL/lvgl/src/lv_draw/lv_draw_mask.o
                0x000000000800c5f8                lv_draw_mask_line_points_init
 .text.lv_draw_mask_line_angle_init
                0x000000000800c700       0x4c ./LVGL/lvgl/src/lv_draw/lv_draw_mask.o
                0x000000000800c700                lv_draw_mask_line_angle_init
 .text.lv_draw_mask_angle_init
                0x000000000800c74c       0x88 ./LVGL/lvgl/src/lv_draw/lv_draw_mask.o
                0x000000000800c74c                lv_draw_mask_angle_init
 .text.lv_draw_mask_radius_init
                0x000000000800c7d4       0x58 ./LVGL/lvgl/src/lv_draw/lv_draw_mask.o
                0x000000000800c7d4                lv_draw_mask_radius_init
 .text.lv_draw_mask_fade_init
                0x000000000800c82c       0x2c ./LVGL/lvgl/src/lv_draw/lv_draw_mask.o
                0x000000000800c82c                lv_draw_mask_fade_init
 .text.grad_get
                0x000000000800c858       0xae ./LVGL/lvgl/src/lv_draw/lv_draw_rect.o
 *fill*         0x000000000800c906        0x2 
 .text.lv_draw_rect_dsc_init
                0x000000000800c908       0x48 ./LVGL/lvgl/src/lv_draw/lv_draw_rect.o
                0x000000000800c908                lv_draw_rect_dsc_init
 .text.lv_draw_rect
                0x000000000800c950      0xc12 ./LVGL/lvgl/src/lv_draw/lv_draw_rect.o
                0x000000000800c950                lv_draw_rect
 .text._lv_img_buf_get_transformed_area
                0x000000000800d562       0x10 ./LVGL/lvgl/src/lv_draw/lv_img_buf.o
                0x000000000800d562                _lv_img_buf_get_transformed_area
 *fill*         0x000000000800d572        0x2 
 .text._lv_img_cache_open
                0x000000000800d574       0x58 ./LVGL/lvgl/src/lv_draw/lv_img_cache.o
                0x000000000800d574                _lv_img_cache_open
 .text.lv_img_decoder_built_in_read_line
                0x000000000800d5cc        0x4 ./LVGL/lvgl/src/lv_draw/lv_img_decoder.o
                0x000000000800d5cc                lv_img_decoder_built_in_read_line
 .text.lv_img_decoder_built_in_close
                0x000000000800d5d0       0x24 ./LVGL/lvgl/src/lv_draw/lv_img_decoder.o
                0x000000000800d5d0                lv_img_decoder_built_in_close
 .text.lv_img_decoder_built_in_open
                0x000000000800d5f4       0x34 ./LVGL/lvgl/src/lv_draw/lv_img_decoder.o
                0x000000000800d5f4                lv_img_decoder_built_in_open
 .text.lv_img_decoder_built_in_info
                0x000000000800d628       0x5c ./LVGL/lvgl/src/lv_draw/lv_img_decoder.o
                0x000000000800d628                lv_img_decoder_built_in_info
 .text.lv_img_decoder_get_info
                0x000000000800d684       0x48 ./LVGL/lvgl/src/lv_draw/lv_img_decoder.o
                0x000000000800d684                lv_img_decoder_get_info
 .text.lv_img_decoder_open
                0x000000000800d6cc       0xb4 ./LVGL/lvgl/src/lv_draw/lv_img_decoder.o
                0x000000000800d6cc                lv_img_decoder_open
 .text.lv_img_decoder_read_line
                0x000000000800d780       0x20 ./LVGL/lvgl/src/lv_draw/lv_img_decoder.o
                0x000000000800d780                lv_img_decoder_read_line
 .text.lv_img_decoder_close
                0x000000000800d7a0       0x22 ./LVGL/lvgl/src/lv_draw/lv_img_decoder.o
                0x000000000800d7a0                lv_img_decoder_close
 *fill*         0x000000000800d7c2        0x2 
 .text.lv_img_decoder_create
                0x000000000800d7c4       0x1c ./LVGL/lvgl/src/lv_draw/lv_img_decoder.o
                0x000000000800d7c4                lv_img_decoder_create
 .text._lv_img_decoder_init
                0x000000000800d7e0       0x38 ./LVGL/lvgl/src/lv_draw/lv_img_decoder.o
                0x000000000800d7e0                _lv_img_decoder_init
 .text.lv_font_get_glyph_bitmap
                0x000000000800d818        0x4 ./LVGL/lvgl/src/lv_font/lv_font.o
                0x000000000800d818                lv_font_get_glyph_bitmap
 .text.lv_font_get_glyph_dsc
                0x000000000800d81c        0xc ./LVGL/lvgl/src/lv_font/lv_font.o
                0x000000000800d81c                lv_font_get_glyph_dsc
 .text.lv_font_get_glyph_width
                0x000000000800d828       0x18 ./LVGL/lvgl/src/lv_font/lv_font.o
                0x000000000800d828                lv_font_get_glyph_width
 .text.kern_pair_8_compare
                0x000000000800d840       0x12 ./LVGL/lvgl/src/lv_font/lv_font_fmt_txt.o
 .text.kern_pair_16_compare
                0x000000000800d852       0x12 ./LVGL/lvgl/src/lv_font/lv_font_fmt_txt.o
 .text.get_bits
                0x000000000800d864       0x64 ./LVGL/lvgl/src/lv_font/lv_font_fmt_txt.o
 .text.bits_write
                0x000000000800d8c8       0x3c ./LVGL/lvgl/src/lv_font/lv_font_fmt_txt.o
 .text.decompress_line
                0x000000000800d904      0x144 ./LVGL/lvgl/src/lv_font/lv_font_fmt_txt.o
 .text.unicode_list_compare
                0x000000000800da48        0x8 ./LVGL/lvgl/src/lv_font/lv_font_fmt_txt.o
 .text.get_glyph_dsc_id.isra.0.part.0
                0x000000000800da50       0xc0 ./LVGL/lvgl/src/lv_font/lv_font_fmt_txt.o
 .text.lv_font_get_bitmap_fmt_txt
                0x000000000800db10      0x1dc ./LVGL/lvgl/src/lv_font/lv_font_fmt_txt.o
                0x000000000800db10                lv_font_get_bitmap_fmt_txt
 .text.lv_font_get_glyph_dsc_fmt_txt
                0x000000000800dcec      0x150 ./LVGL/lvgl/src/lv_font/lv_font_fmt_txt.o
                0x000000000800dcec                lv_font_get_glyph_dsc_fmt_txt
 .text._lv_font_clean_up_fmt_txt
                0x000000000800de3c       0x18 ./LVGL/lvgl/src/lv_font/lv_font_fmt_txt.o
                0x000000000800de3c                _lv_font_clean_up_fmt_txt
 .text.lv_disp_drv_init
                0x000000000800de54       0x38 ./LVGL/lvgl/src/lv_hal/lv_hal_disp.o
                0x000000000800de54                lv_disp_drv_init
 .text.lv_disp_buf_init
                0x000000000800de8c       0x1a ./LVGL/lvgl/src/lv_hal/lv_hal_disp.o
                0x000000000800de8c                lv_disp_buf_init
 *fill*         0x000000000800dea6        0x2 
 .text.lv_disp_get_default
                0x000000000800dea8        0xc ./LVGL/lvgl/src/lv_hal/lv_hal_disp.o
                0x000000000800dea8                lv_disp_get_default
 .text.lv_disp_get_hor_res
                0x000000000800deb4       0x20 ./LVGL/lvgl/src/lv_hal/lv_hal_disp.o
                0x000000000800deb4                lv_disp_get_hor_res
 .text.lv_disp_get_ver_res
                0x000000000800ded4       0x24 ./LVGL/lvgl/src/lv_hal/lv_hal_disp.o
                0x000000000800ded4                lv_disp_get_ver_res
 .text.lv_disp_get_dpi
                0x000000000800def8       0x18 ./LVGL/lvgl/src/lv_hal/lv_hal_disp.o
                0x000000000800def8                lv_disp_get_dpi
 .text.lv_disp_get_size_category
                0x000000000800df10       0x48 ./LVGL/lvgl/src/lv_hal/lv_hal_disp.o
                0x000000000800df10                lv_disp_get_size_category
 .text.lv_disp_flush_ready
                0x000000000800df58        0xa ./LVGL/lvgl/src/lv_hal/lv_hal_disp.o
                0x000000000800df58                lv_disp_flush_ready
 *fill*         0x000000000800df62        0x2 
 .text.lv_disp_get_next
                0x000000000800df64       0x14 ./LVGL/lvgl/src/lv_hal/lv_hal_disp.o
                0x000000000800df64                lv_disp_get_next
 .text.lv_disp_get_buf
                0x000000000800df78        0x4 ./LVGL/lvgl/src/lv_hal/lv_hal_disp.o
                0x000000000800df78                lv_disp_get_buf
 .text.lv_disp_get_inv_buf_size
                0x000000000800df7c        0xa ./LVGL/lvgl/src/lv_hal/lv_hal_disp.o
                0x000000000800df7c                lv_disp_get_inv_buf_size
 .text._lv_disp_pop_from_inv_buf
                0x000000000800df86       0x24 ./LVGL/lvgl/src/lv_hal/lv_hal_disp.o
                0x000000000800df86                _lv_disp_pop_from_inv_buf
 .text.lv_disp_is_double_buf
                0x000000000800dfaa       0x10 ./LVGL/lvgl/src/lv_hal/lv_hal_disp.o
                0x000000000800dfaa                lv_disp_is_double_buf
 .text.lv_disp_is_true_double_buf
                0x000000000800dfba       0x1e ./LVGL/lvgl/src/lv_hal/lv_hal_disp.o
                0x000000000800dfba                lv_disp_is_true_double_buf
 .text.lv_disp_drv_register
                0x000000000800dfd8       0xd4 ./LVGL/lvgl/src/lv_hal/lv_hal_disp.o
                0x000000000800dfd8                lv_disp_drv_register
 .text.lv_indev_drv_init
                0x000000000800e0ac       0x20 ./LVGL/lvgl/src/lv_hal/lv_hal_indev.o
                0x000000000800e0ac                lv_indev_drv_init
 .text.lv_indev_drv_register
                0x000000000800e0cc       0x60 ./LVGL/lvgl/src/lv_hal/lv_hal_indev.o
                0x000000000800e0cc                lv_indev_drv_register
 .text.lv_indev_get_next
                0x000000000800e12c       0x14 ./LVGL/lvgl/src/lv_hal/lv_hal_indev.o
                0x000000000800e12c                lv_indev_get_next
 .text._lv_indev_read
                0x000000000800e140       0x46 ./LVGL/lvgl/src/lv_hal/lv_hal_indev.o
                0x000000000800e140                _lv_indev_read
 *fill*         0x000000000800e186        0x2 
 .text.lv_tick_inc
                0x000000000800e188       0x18 ./LVGL/lvgl/src/lv_hal/lv_hal_tick.o
                0x000000000800e188                lv_tick_inc
 .text.lv_tick_get
                0x000000000800e1a0       0x1c ./LVGL/lvgl/src/lv_hal/lv_hal_tick.o
                0x000000000800e1a0                lv_tick_get
 .text.lv_tick_elaps
                0x000000000800e1bc        0xc ./LVGL/lvgl/src/lv_hal/lv_hal_tick.o
                0x000000000800e1bc                lv_tick_elaps
 .text.lv_anim_path_linear
                0x000000000800e1c8       0x28 ./LVGL/lvgl/src/lv_misc/lv_anim.o
                0x000000000800e1c8                lv_anim_path_linear
 .text.anim_mark_list_change
                0x000000000800e1f0       0x30 ./LVGL/lvgl/src/lv_misc/lv_anim.o
 .text.anim_task
                0x000000000800e220      0x158 ./LVGL/lvgl/src/lv_misc/lv_anim.o
 .text._lv_anim_core_init
                0x000000000800e378       0x38 ./LVGL/lvgl/src/lv_misc/lv_anim.o
                0x000000000800e378                _lv_anim_core_init
 .text.lv_anim_init
                0x000000000800e3b0       0x44 ./LVGL/lvgl/src/lv_misc/lv_anim.o
                0x000000000800e3b0                lv_anim_init
 .text.lv_anim_del
                0x000000000800e3f4       0x58 ./LVGL/lvgl/src/lv_misc/lv_anim.o
                0x000000000800e3f4                lv_anim_del
 .text.lv_anim_start
                0x000000000800e44c       0x70 ./LVGL/lvgl/src/lv_misc/lv_anim.o
                0x000000000800e44c                lv_anim_start
 .text.lv_anim_get
                0x000000000800e4bc       0x2c ./LVGL/lvgl/src/lv_misc/lv_anim.o
                0x000000000800e4bc                lv_anim_get
 .text.lv_anim_speed_to_time
                0x000000000800e4e8       0x1c ./LVGL/lvgl/src/lv_misc/lv_anim.o
                0x000000000800e4e8                lv_anim_speed_to_time
 .text.lv_anim_path_step
                0x000000000800e504       0x12 ./LVGL/lvgl/src/lv_misc/lv_anim.o
                0x000000000800e504                lv_anim_path_step
 .text.lv_point_within_circle
                0x000000000800e516       0x38 ./LVGL/lvgl/src/lv_misc/lv_area.o
 .text.lv_area_set
                0x000000000800e54e        0xe ./LVGL/lvgl/src/lv_misc/lv_area.o
                0x000000000800e54e                lv_area_set
 .text.lv_area_set_width
                0x000000000800e55c        0xa ./LVGL/lvgl/src/lv_misc/lv_area.o
                0x000000000800e55c                lv_area_set_width
 .text.lv_area_set_height
                0x000000000800e566        0xa ./LVGL/lvgl/src/lv_misc/lv_area.o
                0x000000000800e566                lv_area_set_height
 .text._lv_area_set_pos
                0x000000000800e570       0x1c ./LVGL/lvgl/src/lv_misc/lv_area.o
                0x000000000800e570                _lv_area_set_pos
 .text.lv_area_get_size
                0x000000000800e58c       0x1c ./LVGL/lvgl/src/lv_misc/lv_area.o
                0x000000000800e58c                lv_area_get_size
 .text._lv_area_intersect
                0x000000000800e5a8       0x54 ./LVGL/lvgl/src/lv_misc/lv_area.o
                0x000000000800e5a8                _lv_area_intersect
 .text._lv_area_join
                0x000000000800e5fc       0x44 ./LVGL/lvgl/src/lv_misc/lv_area.o
                0x000000000800e5fc                _lv_area_join
 .text._lv_area_is_point_on
                0x000000000800e640      0x12c ./LVGL/lvgl/src/lv_misc/lv_area.o
                0x000000000800e640                _lv_area_is_point_on
 .text._lv_area_is_on
                0x000000000800e76c       0x3a ./LVGL/lvgl/src/lv_misc/lv_area.o
                0x000000000800e76c                _lv_area_is_on
 .text._lv_area_is_in
                0x000000000800e7a6       0x92 ./LVGL/lvgl/src/lv_misc/lv_area.o
                0x000000000800e7a6                _lv_area_is_in
 .text._lv_area_align
                0x000000000800e838      0x1d8 ./LVGL/lvgl/src/lv_misc/lv_area.o
                0x000000000800e838                _lv_area_align
 .text.lv_color_mix
                0x000000000800ea10       0x6c ./LVGL/lvgl/src/lv_misc/lv_color.o
 .text.lv_color_fill
                0x000000000800ea7c       0x42 ./LVGL/lvgl/src/lv_misc/lv_color.o
                0x000000000800ea7c                lv_color_fill
 *fill*         0x000000000800eabe        0x2 
 .text.lv_color_lighten
                0x000000000800eac0       0x10 ./LVGL/lvgl/src/lv_misc/lv_color.o
                0x000000000800eac0                lv_color_lighten
 .text.lv_color_darken
                0x000000000800ead0        0xc ./LVGL/lvgl/src/lv_misc/lv_color.o
                0x000000000800ead0                lv_color_darken
 .text.node_set_prev.isra.0
                0x000000000800eadc        0x8 ./LVGL/lvgl/src/lv_misc/lv_ll.o
 .text.node_set_next.isra.0
                0x000000000800eae4        0xa ./LVGL/lvgl/src/lv_misc/lv_ll.o
 .text._lv_ll_init
                0x000000000800eaee       0x10 ./LVGL/lvgl/src/lv_misc/lv_ll.o
                0x000000000800eaee                _lv_ll_init
 .text._lv_ll_ins_head
                0x000000000800eafe       0x36 ./LVGL/lvgl/src/lv_misc/lv_ll.o
                0x000000000800eafe                _lv_ll_ins_head
 .text._lv_ll_ins_tail
                0x000000000800eb34       0x38 ./LVGL/lvgl/src/lv_misc/lv_ll.o
                0x000000000800eb34                _lv_ll_ins_tail
 .text._lv_ll_get_head
                0x000000000800eb6c        0x6 ./LVGL/lvgl/src/lv_misc/lv_ll.o
                0x000000000800eb6c                _lv_ll_get_head
 .text._lv_ll_get_tail
                0x000000000800eb72        0x6 ./LVGL/lvgl/src/lv_misc/lv_ll.o
                0x000000000800eb72                _lv_ll_get_tail
 .text._lv_ll_get_next
                0x000000000800eb78        0xa ./LVGL/lvgl/src/lv_misc/lv_ll.o
                0x000000000800eb78                _lv_ll_get_next
 .text._lv_ll_get_prev
                0x000000000800eb82        0x8 ./LVGL/lvgl/src/lv_misc/lv_ll.o
                0x000000000800eb82                _lv_ll_get_prev
 .text._lv_ll_ins_prev
                0x000000000800eb8a       0x5c ./LVGL/lvgl/src/lv_misc/lv_ll.o
                0x000000000800eb8a                _lv_ll_ins_prev
 .text._lv_ll_remove
                0x000000000800ebe6       0x72 ./LVGL/lvgl/src/lv_misc/lv_ll.o
                0x000000000800ebe6                _lv_ll_remove
 .text._lv_ll_clear
                0x000000000800ec58       0x28 ./LVGL/lvgl/src/lv_misc/lv_ll.o
                0x000000000800ec58                _lv_ll_clear
 .text._lv_ll_chg_list
                0x000000000800ec80       0x5a ./LVGL/lvgl/src/lv_misc/lv_ll.o
                0x000000000800ec80                _lv_ll_chg_list
 .text._lv_ll_get_len
                0x000000000800ecda       0x20 ./LVGL/lvgl/src/lv_misc/lv_ll.o
                0x000000000800ecda                _lv_ll_get_len
 .text._lv_ll_move_before
                0x000000000800ecfa       0x58 ./LVGL/lvgl/src/lv_misc/lv_ll.o
                0x000000000800ecfa                _lv_ll_move_before
 .text._lv_ll_is_empty
                0x000000000800ed52       0x18 ./LVGL/lvgl/src/lv_misc/lv_ll.o
                0x000000000800ed52                _lv_ll_is_empty
 *fill*         0x000000000800ed6a        0x2 
 .text._lv_trigo_sin
                0x000000000800ed6c       0x58 ./LVGL/lvgl/src/lv_misc/lv_math.o
                0x000000000800ed6c                _lv_trigo_sin
 .text._lv_sqrt
                0x000000000800edc4       0x22 ./LVGL/lvgl/src/lv_misc/lv_math.o
                0x000000000800edc4                _lv_sqrt
 .text._lv_atan2
                0x000000000800ede6       0x9c ./LVGL/lvgl/src/lv_misc/lv_math.o
                0x000000000800ede6                _lv_atan2
 .text._lv_map  0x000000000800ee82       0x22 ./LVGL/lvgl/src/lv_misc/lv_math.o
                0x000000000800ee82                _lv_map
 .text.ent_get_next