lv_anim.h:271:20:lv_anim_path_init	16	static
lv_anim.h:281:20:lv_anim_path_set_cb	16	static
lv_obj_style_dec.h:95:1:lv_style_set_transform_width	16	static
lv_obj_style_dec.h:96:1:lv_style_set_transform_height	16	static
lv_obj_style_dec.h:115:1:lv_style_set_bg_opa	16	static
lv_obj_style_dec.h:116:1:lv_style_set_border_width	16	static
lv_obj_style_dec.h:122:1:lv_style_set_outline_width	16	static
lv_obj_style_dec.h:126:1:lv_style_set_outline_opa	16	static
lv_obj_style_dec.h:140:1:lv_style_set_value_letter_space	16	static
lv_obj_style_dec.h:149:1:lv_obj_set_style_local_value_str	24	static
lv_obj_style_dec.h:170:1:lv_style_set_transition_time	16	static
lv_obj_style_dec.h:171:1:lv_style_set_transition_delay	16	static
lv_obj_style_dec.h:172:1:lv_style_set_transition_prop_1	16	static
lv_obj_style_dec.h:173:1:lv_style_set_transition_prop_2	16	static
lv_obj_style_dec.h:174:1:lv_style_set_transition_prop_3	16	static
lv_obj_style_dec.h:179:1:lv_style_set_transition_path	24	static
lv_disp.h:158:26:lv_scr_act	8	static
lv_ex_btn_2.c:8:6:lv_ex_btn_2	32	static
