lv_mem.h:213:44:_lv_memcpy_small	8	static
lv_img_buf.c:51:12:lv_img_buf_get_px_color	32	static
lv_img_buf.c:118:10:lv_img_buf_get_px_alpha	40	static
lv_img_buf.c:181:6:lv_img_buf_set_px_alpha	24	static
lv_img_buf.c:240:6:lv_img_buf_set_px_color	32	static
lv_img_buf.c:309:6:lv_img_buf_set_palette	32	static
lv_img_buf.c:366:6:lv_img_buf_free	8	static
lv_img_buf.c:383:10:lv_img_buf_get_img_size	20	static
lv_img_buf.c:330:16:lv_img_buf_alloc	24	static
lv_img_buf.c:474:6:_lv_img_buf_get_transformed_area	0	static
