lv_task.c:53:6:_lv_task_core_init	8	static
lv_task.c:65:36:lv_task_handler	40	static
lv_task.c:188:13:lv_task_create_basic	8	static
lv_task.c:203:13:lv_task_create	32	static
lv_task.c:257:6:lv_task_set_cb	16	static
lv_task.c:266:6:lv_task_del	16	static
lv_task.c:281:6:lv_task_set_prio	24	static
lv_task.c:308:6:lv_task_set_period	16	static
lv_task.c:317:6:lv_task_ready	16	static
lv_task.c:327:6:lv_task_set_repeat_count	16	static
lv_task.c:337:6:lv_task_reset	16	static
lv_task.c:346:6:lv_task_enable	16	static
lv_task.c:355:9:lv_task_get_idle	4	static
lv_task.c:365:13:lv_task_get_next	16	static
lv_task.c:380:13:lv_task_exec	24	static
lv_task.c:408:17:lv_task_time_remaining	24	static
