lv_mem.h:213:44:_lv_memcpy_small	32	static
lv_area.h:97:20:lv_area_copy	16	static
lv_area.h:107:26:lv_area_get_width	16	static
lv_area.h:117:26:lv_area_get_height	16	static
lv_anim.h:125:20:lv_anim_set_var	16	static
lv_anim.h:137:20:lv_anim_set_exec_cb	16	static
lv_anim.h:147:20:lv_anim_set_time	16	static
lv_anim.h:168:20:lv_anim_set_values	16	static
lv_anim.h:216:20:lv_anim_set_ready_cb	16	static
lv_obj_style_dec.h:92:1:lv_obj_get_style_radius	16	static
lv_obj_style_dec.h:100:1:lv_obj_get_style_pad_top	16	static
lv_obj_style_dec.h:101:1:lv_obj_get_style_pad_bottom	16	static
lv_obj_style_dec.h:102:1:lv_obj_get_style_pad_left	16	static
lv_obj_style_dec.h:103:1:lv_obj_get_style_pad_right	16	static
lv_obj_style_dec.h:119:1:lv_obj_get_style_border_post	16	static
lv_bar.c:76:12:lv_bar_create	32	static
lv_bar.c:152:6:lv_bar_set_value	32	static
lv_bar.c:180:6:lv_bar_set_start_value	32	static
lv_bar.c:207:6:lv_bar_set_range	24	static
lv_bar.c:236:6:lv_bar_set_type	24	static
lv_bar.c:253:6:lv_bar_set_anim_time	24	static
lv_bar.c:275:9:lv_bar_get_value	24	static
lv_bar.c:288:9:lv_bar_get_start_value	24	static
lv_bar.c:304:9:lv_bar_get_min_value	24	static
lv_bar.c:317:9:lv_bar_get_max_value	24	static
lv_bar.c:330:15:lv_bar_get_type	24	static
lv_bar.c:343:10:lv_bar_get_anim_time	24	static
lv_bar.c:370:24:lv_bar_design	112	static
lv_bar.c:409:13:draw_bg	104	static
lv_bar.c:426:13:draw_indic	264	static
lv_bar.c:666:17:lv_bar_signal	48	static
lv_bar.c:713:26:lv_bar_get_style	24	static
lv_bar.c:735:13:lv_bar_anim	16	static
lv_bar.c:741:13:lv_bar_anim_ready	24	static
lv_bar.c:753:13:lv_bar_set_value_with_anim	96	static
lv_bar.c:787:13:lv_bar_init_anim	16	static
