lv_mem.h:213:44:_lv_memcpy_small	32	static
lv_area.h:97:20:lv_area_copy	16	static
lv_area.h:107:26:lv_area_get_width	16	static
lv_area.h:117:26:lv_area_get_height	16	static
lv_obj_style_dec.h:94:1:lv_obj_get_style_size	16	static
lv_obj_style_dec.h:100:1:lv_obj_get_style_pad_top	16	static
lv_obj_style_dec.h:101:1:lv_obj_get_style_pad_bottom	16	static
lv_obj_style_dec.h:102:1:lv_obj_get_style_pad_left	16	static
lv_obj_style_dec.h:103:1:lv_obj_get_style_pad_right	16	static
lv_obj_style_dec.h:104:1:lv_obj_get_style_pad_inner	16	static
lv_obj_style_dec.h:115:1:lv_obj_get_style_bg_opa	16	static
lv_obj_style_dec.h:159:1:lv_obj_get_style_line_width	16	static
lv_chart.c:83:12:lv_chart_create	32	static
lv_chart.c:176:21:lv_chart_add_series	40	static
lv_chart.c:216:6:lv_chart_remove_series	24	static
lv_chart.c:238:22:lv_chart_add_cursor	24	static
lv_chart.c:260:6:lv_chart_clear_series	24	static
lv_chart.c:283:6:lv_chart_hide_series	24	static
lv_chart.c:302:6:lv_chart_set_div_line_count	24	static
lv_chart.c:322:6:lv_chart_set_y_range	32	static
lv_chart.c:345:6:lv_chart_set_type	24	static
lv_chart.c:362:6:lv_chart_set_point_count	40	static
lv_chart.c:429:6:lv_chart_init_points	32	static
lv_chart.c:449:6:lv_chart_set_points	32	static
lv_chart.c:466:6:lv_chart_set_next	32	static
lv_chart.c:493:6:lv_chart_set_update_mode	24	static
lv_chart.c:512:6:lv_chart_set_x_tick_length	24	static
lv_chart.c:529:6:lv_chart_set_y_tick_length	24	static
lv_chart.c:546:6:lv_chart_set_secondary_y_tick_length	24	static
lv_chart.c:563:6:lv_chart_set_x_tick_texts	32	static
lv_chart.c:583:6:lv_chart_set_y_tick_texts	32	static
lv_chart.c:603:6:lv_chart_set_secondary_y_tick_texts	32	static
lv_chart.c:621:6:lv_chart_set_x_start_point	32	static
lv_chart.c:641:6:lv_chart_set_ext_array	32	static
lv_chart.c:661:6:lv_chart_set_point_id	32	static
lv_chart.c:679:6:lv_chart_set_series_axis	24	static
lv_chart.c:702:6:lv_chart_set_cursor_point	24	static
lv_chart.c:721:17:lv_chart_get_type	24	static
lv_chart.c:734:10:lv_chart_get_point_count	24	static
lv_chart.c:747:10:lv_chart_get_x_start_point	16	static
lv_chart.c:761:12:lv_chart_get_point_id	32	static
lv_chart.c:778:17:lv_chart_get_series_axis	16	static
lv_chart.c:793:12:lv_chart_get_cursor_point	24	static
lv_chart.c:807:10:lv_chart_get_nearest_index_from_coord	32	static
lv_chart.c:831:12:lv_chart_get_x_from_index	64	static
lv_chart.c:879:12:lv_chart_get_y_from_index	48	static
lv_chart.c:907:6:lv_chart_get_series_area	16	static
lv_chart.c:924:6:lv_chart_refresh	16	static
lv_chart.c:945:24:lv_chart_design	120	static
lv_chart.c:978:17:lv_chart_signal	40	static
lv_chart.c:1021:26:lv_chart_get_style	24	static
lv_chart.c:1053:13:draw_series_bg	144	static
lv_chart.c:1124:13:draw_series_line	384	static
lv_chart.c:1277:13:draw_series_column	176	static
lv_chart.c:1343:13:draw_cursors	160	static
lv_chart.c:1432:34:create_axis_label_iter	40	static
lv_chart.c:1463:13:get_next_axis_label	24	static
lv_chart.c:1530:20:is_tick_with_label	16	static
lv_chart.c:1535:13:draw_y_ticks	432	static
lv_chart.c:1684:13:draw_x_ticks	432	static
lv_chart.c:1788:13:draw_axes	24	static
lv_chart.c:1799:13:invalidate_lines	48	static
lv_chart.c:1836:13:invalidate_columns	56	static
