lv_mem.h:213:44:_lv_memcpy_small	32	static
lv_area.h:97:20:lv_area_copy	16	static
lv_font.h:116:26:lv_font_get_line_height	16	static
lv_obj_style_dec.h:92:1:lv_obj_get_style_radius	16	static
lv_obj_style_dec.h:93:1:lv_obj_get_style_clip_corner	16	static
lv_obj_style_dec.h:95:1:lv_obj_get_style_transform_width	16	static
lv_obj_style_dec.h:96:1:lv_obj_get_style_transform_height	16	static
lv_obj_style_dec.h:100:1:lv_obj_get_style_pad_top	16	static
lv_obj_style_dec.h:101:1:lv_obj_get_style_pad_bottom	16	static
lv_obj_style_dec.h:102:1:lv_obj_get_style_pad_left	16	static
lv_obj_style_dec.h:103:1:lv_obj_get_style_pad_right	16	static
lv_obj_style_dec.h:119:1:lv_obj_get_style_border_post	16	static
lv_obj_style_dec.h:158:1:lv_obj_get_style_text_font	16	static
lv_imgbtn.h:169:30:lv_imgbtn_get_state	16	static
lv_imgbtn.c:55:12:lv_imgbtn_create	32	static
lv_imgbtn.c:121:6:lv_imgbtn_set_src	32	static
lv_imgbtn.c:148:6:lv_imgbtn_set_src_tiled	32	static
lv_imgbtn.c:178:6:lv_imgbtn_set_state	16	static
lv_imgbtn.c:188:6:lv_imgbtn_toggle	16	static
lv_imgbtn.c:203:14:lv_imgbtn_get_src	24	static
lv_imgbtn.c:219:14:lv_imgbtn_get_src_left	24	static
lv_imgbtn.c:234:14:lv_imgbtn_get_src_middle	24	static
lv_imgbtn.c:249:14:lv_imgbtn_get_src_right	24	static
lv_imgbtn.c:282:24:lv_imgbtn_design	288	static
lv_imgbtn.c:464:17:lv_imgbtn_signal	40	static
lv_imgbtn.c:500:13:refr_img	48	static
lv_imgbtn.c:540:23:suggest_state	24	static
