lv_mem.h:213:44:_lv_memcpy_small	32	static
lv_area.h:97:20:lv_area_copy	16	static
lv_area.h:107:26:lv_area_get_width	16	static
lv_area.h:117:26:lv_area_get_height	16	static
lv_font.h:116:26:lv_font_get_line_height	16	static
lv_anim.h:125:20:lv_anim_set_var	16	static
lv_anim.h:137:20:lv_anim_set_exec_cb	16	static
lv_anim.h:147:20:lv_anim_set_time	16	static
lv_anim.h:168:20:lv_anim_set_values	16	static
lv_anim.h:226:20:lv_anim_set_playback_time	16	static
lv_anim.h:236:20:lv_anim_set_playback_delay	16	static
lv_anim.h:246:20:lv_anim_set_repeat_count	16	static
lv_anim.h:256:20:lv_anim_set_repeat_delay	16	static
lv_obj_style_dec.h:95:1:lv_obj_get_style_transform_width	16	static
lv_obj_style_dec.h:96:1:lv_obj_get_style_transform_height	16	static
lv_obj_style_dec.h:100:1:lv_obj_get_style_pad_top	16	static
lv_obj_style_dec.h:101:1:lv_obj_get_style_pad_bottom	16	static
lv_obj_style_dec.h:102:1:lv_obj_get_style_pad_left	16	static
lv_obj_style_dec.h:103:1:lv_obj_get_style_pad_right	16	static
lv_obj_style_dec.h:150:1:lv_obj_get_style_text_letter_space	16	static
lv_obj_style_dec.h:151:1:lv_obj_get_style_text_line_space	16	static
lv_obj_style_dec.h:158:1:lv_obj_get_style_text_font	16	static
lv_label.c:76:12:lv_label_create	40	static
lv_label.c:179:6:lv_label_set_text	32	static
lv_label.c:249:6:lv_label_set_text_fmt	28	static
lv_label.c:284:6:lv_label_set_text_static	24	static
lv_label.c:309:6:lv_label_set_long_mode	24	static
lv_label.c:344:6:lv_label_set_align	24	static
lv_label.c:362:6:lv_label_set_recolor	24	static
lv_label.c:380:6:lv_label_set_anim_speed	24	static
lv_label.c:399:6:lv_label_set_text_sel_start	24	static
lv_label.c:413:6:lv_label_set_text_sel_end	24	static
lv_label.c:436:8:lv_label_get_text	24	static
lv_label.c:450:22:lv_label_get_long_mode	24	static
lv_label.c:463:18:lv_label_get_align	24	static
lv_label.c:491:6:lv_label_get_recolor	24	static
lv_label.c:504:10:lv_label_get_anim_speed	24	static
lv_label.c:524:6:lv_label_get_letter_pos	104	static
lv_label.c:645:10:lv_label_get_letter_on	128	static
lv_label.c:776:10:lv_label_get_text_sel_start	24	static
lv_label.c:795:10:lv_label_get_text_sel_end	24	static
lv_label.c:814:6:lv_label_is_char_under_pos	104	static
lv_label.c:900:19:lv_label_get_style	24	static
lv_label.c:924:6:lv_label_ins_text	40	static
lv_label.c:970:6:lv_label_cut_text	32	static
lv_label.c:993:6:lv_label_refr_text	216	static
lv_label.c:1276:24:lv_label_design	224	static
lv_label.c:1383:17:lv_label_signal	48	static
lv_label.c:1428:13:lv_label_revert_dots	40	static
lv_label.c:1450:13:lv_label_set_offset_x	24	static
lv_label.c:1457:13:lv_label_set_offset_y	24	static
lv_label.c:1472:13:lv_label_set_dot_tmp	32	static
lv_label.c:1501:15:lv_label_get_dot_tmp	24	static
lv_label.c:1517:13:lv_label_dot_tmp_free	24	static
lv_label.c:1527:13:get_txt_coords	24	static
