lv_area.h:107:26:lv_area_get_width	16	static
lv_area.h:117:26:lv_area_get_height	16	static
lv_font.h:116:26:lv_font_get_line_height	16	static
lv_anim.h:125:20:lv_anim_set_var	16	static
lv_anim.h:137:20:lv_anim_set_exec_cb	16	static
lv_anim.h:147:20:lv_anim_set_time	16	static
lv_anim.h:168:20:lv_anim_set_values	16	static
lv_obj_style_dec.h:102:1:lv_obj_get_style_pad_left	16	static
lv_obj_style_dec.h:103:1:lv_obj_get_style_pad_right	16	static
lv_obj_style_dec.h:158:1:lv_obj_get_style_text_font	16	static
lv_cont.h:157:20:lv_cont_set_fit2	24	static
lv_cont.h:168:20:lv_cont_set_fit	24	static
lv_page.h:186:20:lv_page_set_scrollable_fit2	16	static
lv_page.h:227:20:lv_page_set_scrl_layout	16	static
lv_page.h:322:27:lv_page_get_scrl_layout	16	static
lv_btn.h:107:20:lv_btn_set_layout	16	static
lv_btn.h:133:20:lv_btn_set_fit2	16	static
lv_btn.h:144:20:lv_btn_set_fit	16	static
lv_list.h:125:20:lv_list_set_scrollbar_mode	16	static
lv_list.h:274:24:lv_list_get_anim_time	16	static
lv_list.c:68:12:lv_list_create	40	static
lv_list.c:129:6:lv_list_clean	24	static
lv_list.c:147:12:lv_list_add_btn	64	static
lv_list.c:246:6:lv_list_remove	32	static
lv_list.c:279:6:lv_list_focus_btn	24	static
lv_list.c:310:6:lv_list_set_layout	24	static
lv_list.c:354:14:lv_list_get_btn_text	24	static
lv_list.c:368:12:lv_list_get_btn_label	24	static
lv_list.c:388:12:lv_list_get_btn_img	24	static
lv_list.c:413:12:lv_list_get_prev_btn	24	static
lv_list.c:440:12:lv_list_get_next_btn	24	static
lv_list.c:467:9:lv_list_get_btn_index	24	static
lv_list.c:494:10:lv_list_get_size	24	static
lv_list.c:527:13:lv_list_get_layout	16	static
lv_list.c:542:6:lv_list_up	104	static
lv_list.c:583:6:lv_list_down	96	static
lv_list.c:620:6:lv_list_focus	24	static
lv_list.c:644:17:lv_list_signal	32	static
lv_list.c:790:17:lv_list_btn_signal	56	static
lv_list.c:852:26:lv_list_get_style	24	static
lv_list.c:885:13:lv_list_is_list_btn	56	static
lv_list.c:902:13:lv_list_is_list_label	56	static
lv_list.c:919:13:lv_list_is_list_img	56	static
