lv_mem.h:213:44:_lv_memcpy_small	32	static
lv_area.h:97:20:lv_area_copy	16	static
lv_area.h:107:26:lv_area_get_width	16	static
lv_area.h:117:26:lv_area_get_height	16	static
lv_anim.h:125:20:lv_anim_set_var	16	static
lv_anim.h:137:20:lv_anim_set_exec_cb	16	static
lv_anim.h:147:20:lv_anim_set_time	16	static
lv_anim.h:168:20:lv_anim_set_values	16	static
lv_anim.h:216:20:lv_anim_set_ready_cb	16	static
lv_anim.h:226:20:lv_anim_set_playback_time	16	static
lv_anim.h:236:20:lv_anim_set_playback_delay	16	static
lv_obj_style_dec.h:94:1:lv_obj_get_style_size	16	static
lv_obj_style_dec.h:100:1:lv_obj_get_style_pad_top	16	static
lv_obj_style_dec.h:101:1:lv_obj_get_style_pad_bottom	16	static
lv_obj_style_dec.h:102:1:lv_obj_get_style_pad_left	16	static
lv_obj_style_dec.h:103:1:lv_obj_get_style_pad_right	16	static
lv_obj_style_dec.h:104:1:lv_obj_get_style_pad_inner	16	static
lv_cont.h:168:20:lv_cont_set_fit	24	static
lv_page.h:332:24:lv_page_get_scrl_fit_left	16	static
lv_page.h:342:24:lv_page_get_scrl_fit_right	16	static
lv_page.h:352:24:lv_page_get_scrl_fit_top	16	static
lv_page.c:80:12:lv_page_create	32	static
lv_page.c:169:6:lv_page_clean	24	static
lv_page.c:186:6:lv_page_set_scrollbar_mode	24	static
lv_page.c:214:6:lv_page_set_anim_time	24	static
lv_page.c:235:6:lv_page_set_scroll_propagation	24	static
lv_page.c:251:6:lv_page_set_edge_flash	24	static
lv_page.c:273:12:lv_page_get_scrollable	24	static
lv_page.c:287:10:lv_page_get_anim_time	24	static
lv_page.c:305:21:lv_page_get_scrollbar_mode	24	static
lv_page.c:318:6:lv_page_get_scroll_propagation	24	static
lv_page.c:331:6:lv_page_get_edge_flash	24	static
lv_page.c:349:12:lv_page_get_width_fit	32	static
lv_page.c:367:12:lv_page_get_height_fit	32	static
lv_page.c:392:12:lv_page_get_width_grid	24	static
lv_page.c:415:12:lv_page_get_height_grid	24	static
lv_page.c:436:6:lv_page_on_edge	48	static
lv_page.c:463:6:lv_page_glue_obj	16	static
lv_page.c:475:6:lv_page_focus	136	static
lv_page.c:573:6:lv_page_scroll_hor	96	static
lv_page.c:595:6:lv_page_scroll_ver	96	static
lv_page.c:618:6:lv_page_start_edge_flash	88	static
lv_page.c:677:24:lv_page_design	144	static
lv_page.c:751:17:lv_page_signal	80	static
lv_page.c:903:17:lv_page_scrollable_signal	96	static
lv_page.c:1057:13:scrl_def_event_cb	24	static
lv_page.c:1077:26:lv_page_get_style	24	static
lv_page.c:1106:13:scrl_reposition	64	static
lv_page.c:1176:13:scrlbar_refresh	96	static
lv_page.c:1325:13:refr_ext_draw_pad	24	static
lv_page.c:1336:13:edge_flash_anim	32	static
lv_page.c:1346:13:edge_flash_anim_end	32	static
lv_page.c:1360:13:get_edge_flash_area	40	static
