lv_mem.h:213:44:_lv_memcpy_small	32	static
lv_area.h:97:20:lv_area_copy	16	static
lv_area.h:107:26:lv_area_get_width	16	static
lv_font.h:116:26:lv_font_get_line_height	16	static
lv_obj_style_dec.h:100:1:lv_obj_get_style_pad_top	16	static
lv_obj_style_dec.h:101:1:lv_obj_get_style_pad_bottom	16	static
lv_obj_style_dec.h:102:1:lv_obj_get_style_pad_left	16	static
lv_obj_style_dec.h:103:1:lv_obj_get_style_pad_right	16	static
lv_obj_style_dec.h:150:1:lv_obj_get_style_text_letter_space	16	static
lv_obj_style_dec.h:151:1:lv_obj_get_style_text_line_space	16	static
lv_obj_style_dec.h:158:1:lv_obj_get_style_text_font	16	static
lv_table.c:61:12:lv_table_create	32	static
lv_table.c:135:6:lv_table_set_cell_value	48	static
lv_table.c:201:6:lv_table_set_cell_value_fmt	52	static
lv_table.c:294:6:lv_table_set_row_cnt	32	static
lv_table.c:337:6:lv_table_set_col_cnt	32	static
lv_table.c:376:6:lv_table_set_col_width	24	static
lv_table.c:397:6:lv_table_set_cell_align	48	static
lv_table.c:435:6:lv_table_set_cell_type	48	static
lv_table.c:481:6:lv_table_set_cell_crop	48	static
lv_table.c:520:6:lv_table_set_cell_merge_right	48	static
lv_table.c:564:14:lv_table_get_cell_value	24	static
lv_table.c:585:10:lv_table_get_row_cnt	24	static
lv_table.c:598:10:lv_table_get_col_cnt	24	static
lv_table.c:612:12:lv_table_get_col_width	24	static
lv_table.c:633:18:lv_table_get_cell_align	32	static
lv_table.c:660:18:lv_table_get_cell_type	32	static
lv_table.c:687:18:lv_table_get_cell_crop	32	static
lv_table.c:714:6:lv_table_get_cell_merge_right	32	static
lv_table.c:742:10:lv_table_get_pressed_cell	48	static
lv_table.c:800:24:lv_table_design	688	static
lv_table.c:1017:17:lv_table_signal	40	static
lv_table.c:1063:26:lv_table_get_style	24	static
lv_table.c:1081:13:refr_size	136	static
lv_table.c:1133:19:get_row_height	80	static
