lv_area.h:107:26:lv_area_get_width	16	static
lv_area.h:117:26:lv_area_get_height	16	static
lv_font.h:116:26:lv_font_get_line_height	16	static
lv_anim.h:125:20:lv_anim_set_var	16	static
lv_anim.h:137:20:lv_anim_set_exec_cb	16	static
lv_anim.h:147:20:lv_anim_set_time	16	static
lv_anim.h:168:20:lv_anim_set_values	16	static
lv_obj_style_dec.h:94:1:lv_obj_get_style_size	16	static
lv_obj_style_dec.h:100:1:lv_obj_get_style_pad_top	16	static
lv_obj_style_dec.h:101:1:lv_obj_get_style_pad_bottom	16	static
lv_obj_style_dec.h:102:1:lv_obj_get_style_pad_left	16	static
lv_obj_style_dec.h:103:1:lv_obj_get_style_pad_right	16	static
lv_obj_style_dec.h:104:1:lv_obj_get_style_pad_inner	16	static
lv_obj_style_dec.h:158:1:lv_obj_get_style_text_font	16	static
lv_cont.h:157:20:lv_cont_set_fit2	24	static
lv_page.h:173:20:lv_page_set_scrollable_fit4	32	static
lv_page.h:186:20:lv_page_set_scrollable_fit2	16	static
lv_page.h:227:20:lv_page_set_scrl_layout	16	static
lv_tabview.c:72:12:lv_tabview_create	56	static
lv_tabview.c:207:12:lv_tabview_add_tab	48	static
lv_tabview.c:292:6:lv_tabview_clean_tab	24	static
lv_tabview.c:310:6:lv_tabview_set_tab_act	112	static
lv_tabview.c:443:6:lv_tabview_set_tab_name	40	static
lv_tabview.c:471:6:lv_tabview_set_anim_time	24	static
lv_tabview.c:489:6:lv_tabview_set_btns_pos	24	static
lv_tabview.c:516:10:lv_tabview_get_tab_act	24	static
lv_tabview.c:529:10:lv_tabview_get_tab_count	24	static
lv_tabview.c:543:12:lv_tabview_get_tab	32	static
lv_tabview.c:567:10:lv_tabview_get_anim_time	24	static
lv_tabview.c:584:23:lv_tabview_get_btns_pos	24	static
lv_tabview.c:603:17:lv_tabview_signal	56	static
lv_tabview.c:717:17:tabview_scrl_signal	80	static
lv_tabview.c:783:26:lv_tabview_get_style	24	static
lv_tabview.c:818:13:tab_btnm_event_cb	32	static
lv_tabview.c:852:13:tabview_realign	24	static
lv_tabview.c:865:13:refr_indic_size	32	static
lv_tabview.c:913:13:refr_btns_size	48	static
lv_tabview.c:959:13:refr_content_size	48	static
lv_tabview.c:1000:13:refr_align	40	static
