lv_area.h:107:26:lv_area_get_width	16	static
lv_area.h:117:26:lv_area_get_height	16	static
lv_obj_style_dec.h:102:1:lv_obj_get_style_pad_left	16	static
lv_obj_style_dec.h:103:1:lv_obj_get_style_pad_right	16	static
lv_obj_style_dec.h:104:1:lv_obj_get_style_pad_inner	16	static
lv_page.h:227:20:lv_page_set_scrl_layout	16	static
lv_page.h:322:27:lv_page_get_scrl_layout	16	static
lv_win.c:73:12:lv_win_create	48	static
lv_win.c:173:6:lv_win_clean	24	static
lv_win.c:193:12:lv_win_add_btn_right	24	static
lv_win.c:214:12:lv_win_add_btn_left	24	static
lv_win.c:238:6:lv_win_close_event_cb	24	static
lv_win.c:254:6:lv_win_set_title	24	static
lv_win.c:283:6:lv_win_set_header_height	24	static
lv_win.c:298:6:lv_win_set_btn_width	24	static
lv_win.c:314:6:lv_win_set_content_size	24	static
lv_win.c:329:6:lv_win_set_layout	24	static
lv_win.c:342:6:lv_win_set_scrollbar_mode	24	static
lv_win.c:354:6:lv_win_set_anim_time	16	static
lv_win.c:366:6:lv_win_set_drag	24	static
lv_win.c:376:6:lv_win_title_set_alignment	24	static
lv_win.c:393:14:lv_win_get_title	24	static
lv_win.c:406:12:lv_win_get_content	24	static
lv_win.c:419:12:lv_win_get_header_height	24	static
lv_win.c:432:12:lv_win_get_btn_width	24	static
lv_win.c:447:12:lv_win_get_from_btn	24	static
lv_win.c:462:13:lv_win_get_layout	24	static
lv_win.c:475:21:lv_win_get_sb_mode	24	static
lv_win.c:488:10:lv_win_get_anim_time	16	static
lv_win.c:500:12:lv_win_get_width	32	static
lv_win.c:512:9:lv_win_title_get_alignment	24	static
lv_win.c:529:6:lv_win_focus	32	static
lv_win.c:551:24:lv_win_header_design	128	static
lv_win.c:637:17:lv_win_signal	64	static
lv_win.c:710:26:lv_win_get_style	24	static
lv_win.c:740:13:lv_win_realign	72	static
lv_win.c:805:19:lv_win_btn_create	32	static
lv_win.c:841:13:lv_win_btn_set_alignment	24	static
lv_win.c:848:16:lv_win_btn_get_alignment	24	static
