lv_indev.c:1572:13:indev_reset_check	0	static
lv_indev.c:1120:13:indev_proc_reset_query_handler	0	static
lv_indev.c:1503:19:get_dragged_obj	8	static
lv_indev.c:1429:13:indev_drag_throw.part.0	48	static
lv_indev.c:159:6:lv_indev_reset.part.0	24	static
lv_indev.c:1032:13:indev_proc_release	16	static
lv_indev.c:66:6:_lv_indev_init	0	static
lv_indev.c:137:14:lv_indev_get_act	0	static
lv_indev.c:147:17:lv_indev_get_type	0	static
lv_indev.c:159:6:lv_indev_reset	0	static
lv_indev.c:197:6:lv_indev_reset_long_press	8	static
lv_indev.c:209:6:lv_indev_enable	0	static
lv_indev.c:221:6:lv_indev_set_cursor	16	static
lv_indev.c:251:6:lv_indev_set_button_points	0	static
lv_indev.c:263:6:lv_indev_get_point	0	static
lv_indev.c:285:18:lv_indev_get_gesture_dir	0	static
lv_indev.c:295:10:lv_indev_get_key	0	static
lv_indev.c:309:6:lv_indev_is_dragging	0	static
lv_indev.c:322:6:lv_indev_get_vect	0	static
lv_indev.c:346:10:lv_indev_finish_drag	8	static
lv_indev.c:374:6:lv_indev_wait_release	0	static
lv_indev.c:384:12:lv_indev_get_obj_act	0	static
lv_indev.c:395:13:lv_indev_get_read_task	0	static
lv_indev.c:1147:12:lv_indev_search_obj	24	static
lv_indev.c:863:13:indev_proc_press	56	static
lv_indev.c:75:6:_lv_indev_read_task	56	static
