st7789V.c:16:13:ST7789_DC_Set	4	static
st7789V.c:28:13:ST7789_DC_Reset	4	static
st7789V.c:41:13:ST7789_SPI_Send	16	static
st7789V.c:61:6:ST7789_SPI_WAIT_DMA	4	static
st7789V.c:74:13:ST7789_SPI_Send_DMA	16	static
st7789V.c:105:13:ST7789_Write_Cmd	16	static
st7789V.c:121:13:ST7789_Write_Data	16	static
st7789V.c:134:13:ST7789_Address_Set	32	static
st7789V.c:156:6:ST7789_Init	32	static
st7789V.c:369:6:ST7789_Reset	8	static
st7789V.c:388:6:ST7789_Select	4	static
st7789V.c:403:6:ST7789_Deselect	4	static
st7789V.c:418:6:ST7789_Wait_TE	4	static
st7789V.c:434:6:ST7789_DisplayOn	4	static
st7789V.c:448:6:ST7789_DisplayOff	4	static
st7789V.c:554:6:ST7789_Send_Data_DMA	24	static
