lv_hal_disp.c:53:6:lv_disp_drv_init	16	static
lv_hal_disp.c:101:6:lv_disp_buf_init	24	static
lv_hal_disp.c:117:13:lv_disp_drv_register	24	static
lv_hal_disp.c:180:6:lv_disp_drv_update	32	static
lv_hal_disp.c:207:6:lv_disp_remove	24	static
lv_hal_disp.c:232:6:lv_disp_set_default	16	static
lv_hal_disp.c:241:13:lv_disp_get_default	4	static
lv_hal_disp.c:251:12:lv_disp_get_hor_res	16	static
lv_hal_disp.c:273:12:lv_disp_get_ver_res	16	static
lv_hal_disp.c:295:6:lv_disp_get_antialiasing	16	static
lv_hal_disp.c:313:12:lv_disp_get_dpi	16	static
lv_hal_disp.c:325:16:lv_disp_get_size_category	24	static
lv_hal_disp.c:347:31:lv_disp_flush_ready	16	static
lv_hal_disp.c:366:31:lv_disp_flush_is_last	16	static
lv_hal_disp.c:376:13:lv_disp_get_next	16	static
lv_hal_disp.c:389:17:lv_disp_get_buf	16	static
lv_hal_disp.c:398:10:lv_disp_get_inv_buf_size	16	static
lv_hal_disp.c:407:6:_lv_disp_pop_from_inv_buf	16	static
lv_hal_disp.c:421:6:lv_disp_is_double_buf	16	static
lv_hal_disp.c:435:6:lv_disp_is_true_double_buf	24	static
lv_hal_disp.c:452:6:lv_disp_set_rotation	16	static
lv_hal_disp.c:465:15:lv_disp_get_rotation	16	static
