lv_arc.c:1028:13:get_center	40	static
lv_arc.c:630:24:lv_arc_design	264	static
lv_arc.c:904:13:inv_arc_area	88	static
lv_arc.c:158:6:lv_arc_set_start_angle	16	static
lv_arc.c:193:6:lv_arc_set_end_angle	16	static
lv_arc.c:1084:13:value_update	32	static
lv_arc.c:227:6:lv_arc_set_angles	24	static
lv_arc.c:249:6:lv_arc_set_bg_start_angle	16	static
lv_arc.c:284:6:lv_arc_set_bg_end_angle	16	static
lv_arc.c:320:6:lv_arc_set_bg_angles	24	static
lv_arc.c:344:6:lv_arc_set_rotation	16	static
lv_arc.c:394:6:lv_arc_set_value	16	static
lv_arc.c:59:12:lv_arc_create	32	static
lv_arc.c:360:6:lv_arc_set_type	24	static
lv_arc.c:417:6:lv_arc_set_range	16	static
lv_arc.c:443:6:lv_arc_set_chg_rate	8	static
lv_arc.c:456:6:lv_arc_set_adjustable	16	static
lv_arc.c:479:10:lv_arc_get_angle_start	8	static
lv_arc.c:493:10:lv_arc_get_angle_end	8	static
lv_arc.c:507:10:lv_arc_get_bg_angle_start	8	static
lv_arc.c:521:10:lv_arc_get_bg_angle_end	8	static
lv_arc.c:535:9:lv_arc_get_value	8	static
lv_arc.c:703:17:lv_arc_signal	48	static
lv_arc.c:548:9:lv_arc_get_min_value	8	static
lv_arc.c:561:9:lv_arc_get_max_value	8	static
lv_arc.c:574:6:lv_arc_is_dragged	8	static
lv_arc.c:587:15:lv_arc_get_type	8	static
lv_arc.c:600:6:lv_arc_get_adjustable	8	static
