lv_btnmatrix.c:1219:17:get_button_from_point	72	static
lv_btnmatrix.c:1269:13:invalidate_button_area	32	static
lv_btnmatrix.c:138:6:lv_btnmatrix_set_map	128	static
lv_btnmatrix.c:273:6:lv_btnmatrix_set_ctrl_map	24	static
lv_btnmatrix.c:72:12:lv_btnmatrix_create	24	static
lv_btnmatrix.c:288:6:lv_btnmatrix_set_focused_btn	16	static
lv_btnmatrix.c:309:6:lv_btnmatrix_set_recolor	16	static
lv_btnmatrix.c:347:6:lv_btnmatrix_clear_btn_ctrl	16	static
lv_btnmatrix.c:381:6:lv_btnmatrix_clear_btn_ctrl_all	24	static
lv_btnmatrix.c:324:6:lv_btnmatrix_set_btn_ctrl	24	static
lv_btnmatrix.c:364:6:lv_btnmatrix_set_btn_ctrl_all	24	static
lv_btnmatrix.c:401:6:lv_btnmatrix_set_btn_width	16	static
lv_btnmatrix.c:436:6:lv_btnmatrix_set_align	16	static
lv_btnmatrix.c:457:15:lv_btnmatrix_get_map_array	8	static
lv_btnmatrix.c:470:6:lv_btnmatrix_get_recolor	8	static
lv_btnmatrix.c:485:10:lv_btnmatrix_get_active_btn	8	static
lv_btnmatrix.c:518:10:lv_btnmatrix_get_focused_btn	8	static
lv_btnmatrix.c:533:14:lv_btnmatrix_get_btn_text	32	static
lv_btnmatrix.c:499:14:lv_btnmatrix_get_active_btn_text	8	static
lv_btnmatrix.c:564:6:lv_btnmatrix_get_btn_ctrl	16	static
lv_btnmatrix.c:1295:13:make_one_button_toggled	16	static
lv_btnmatrix.c:841:17:lv_btnmatrix_signal	32	static
lv_btnmatrix.c:420:6:lv_btnmatrix_set_one_check	16	static
lv_btnmatrix.c:579:6:lv_btnmatrix_get_one_check	8	static
lv_btnmatrix.c:593:18:lv_btnmatrix_get_align	8	static
lv_btnmatrix.c:628:24:lv_btnmatrix_design.part.0	616	static
lv_btnmatrix.c:628:24:lv_btnmatrix_design	8	static
