lv_area.h:107:26:lv_area_get_width	0	static
lv_area.h:117:26:lv_area_get_height	0	static
lv_bar.c:741:13:lv_bar_anim_ready	8	static
lv_bar.c:735:13:lv_bar_anim	0	static
lv_bar.c:753:13:lv_bar_set_value_with_anim.part.0	88	static
lv_bar.c:666:17:lv_bar_signal	24	static
lv_bar.c:370:24:lv_bar_design	256	static
lv_bar.c:152:6:lv_bar_set_value	24	static
lv_bar.c:76:12:lv_bar_create	24	static
lv_bar.c:180:6:lv_bar_set_start_value	16	static
lv_bar.c:236:6:lv_bar_set_type	16	static
lv_bar.c:253:6:lv_bar_set_anim_time	8	static
lv_bar.c:275:9:lv_bar_get_value	8	static
lv_bar.c:288:9:lv_bar_get_start_value	8	static
lv_bar.c:304:9:lv_bar_get_min_value	8	static
lv_bar.c:317:9:lv_bar_get_max_value	8	static
lv_bar.c:330:15:lv_bar_get_type	8	static
lv_bar.c:207:6:lv_bar_set_range	24	static
lv_bar.c:343:10:lv_bar_get_anim_time	8	static
