lv_area.h:97:20:lv_area_copy	0	static
lv_cont.c:659:13:lv_cont_refr_autofit	64	static
lv_cont.c:71:12:lv_cont_create	24	static
lv_cont.c:135:6:lv_cont_set_layout	16	static
lv_cont.c:157:6:lv_cont_set_fit4	24	static
lv_cont.c:185:13:lv_cont_get_layout	8	static
lv_cont.c:312:13:lv_cont_refr_layout	96	static
lv_cont.c:256:17:lv_cont_signal	24	static
lv_cont.c:198:10:lv_cont_get_fit_left	8	static
lv_cont.c:211:10:lv_cont_get_fit_right	8	static
lv_cont.c:224:10:lv_cont_get_fit_top	8	static
lv_cont.c:237:10:lv_cont_get_fit_bottom	8	static
