lv_cpicker.c:999:19:angle_to_mode_color	16	static
lv_cpicker.c:633:18:get_knob_area	32	static
lv_cpicker.c:626:13:invalidate_knob	16	static
lv_cpicker.c:928:13:refr_knob_pos	32	static
lv_cpicker.c:920:13:next_color_mode	8	static
lv_cpicker.c:102:12:lv_cpicker_create	24	static
lv_cpicker.c:172:6:lv_cpicker_set_type	16	static
lv_cpicker.c:231:6:lv_cpicker_set_hsv	32	static
lv_cpicker.c:668:17:lv_cpicker_signal	48	static
lv_cpicker.c:258:6:lv_cpicker_set_color	24	static
lv_cpicker.c:274:6:lv_cpicker_set_color_mode	16	static
lv_cpicker.c:290:6:lv_cpicker_set_color_mode_fixed	8	static
lv_cpicker.c:304:6:lv_cpicker_set_knob_colored	16	static
lv_cpicker.c:322:25:lv_cpicker_get_color_mode	8	static
lv_cpicker.c:336:6:lv_cpicker_get_color_mode_fixed	8	static
lv_cpicker.c:350:10:lv_cpicker_get_hue	8	static
lv_cpicker.c:364:9:lv_cpicker_get_saturation	8	static
lv_cpicker.c:378:9:lv_cpicker_get_value	8	static
lv_cpicker.c:392:16:lv_cpicker_get_hsv	16	static
lv_cpicker.c:192:6:lv_cpicker_set_hue	24	static
lv_cpicker.c:205:6:lv_cpicker_set_saturation	24	static
lv_cpicker.c:218:6:lv_cpicker_set_value	24	static
lv_cpicker.c:406:12:lv_cpicker_get_color	8	static
lv_cpicker.c:447:24:lv_cpicker_design	216	static
lv_cpicker.c:420:6:lv_cpicker_get_knob_colored	8	static
