lv_calendar.c:1058:16:get_month_length	0	static
lv_calendar.c:684:19:get_day_names_height	16	static
lv_calendar.c:668:19:get_header_height	24	static
lv_calendar.c:82:12:lv_calendar_create	24	static
lv_calendar.c:185:6:lv_calendar_set_today_date	16	static
lv_calendar.c:204:6:lv_calendar_set_showed_date	16	static
lv_calendar.c:224:6:lv_calendar_set_highlighted_dates	16	static
lv_calendar.c:243:6:lv_calendar_set_day_names	16	static
lv_calendar.c:260:6:lv_calendar_set_month_names	16	static
lv_calendar.c:279:22:lv_calendar_get_today_date	8	static
lv_calendar.c:292:22:lv_calendar_get_showed_date	8	static
lv_calendar.c:306:22:lv_calendar_get_pressed_date	8	static
lv_calendar.c:319:22:lv_calendar_get_highlighted_dates	8	static
lv_calendar.c:332:10:lv_calendar_get_highlighted_dates_num	8	static
lv_calendar.c:345:15:lv_calendar_get_day_names	8	static
lv_calendar.c:358:15:lv_calendar_get_month_names	8	static
lv_calendar.c:373:9:lv_calendar_get_day_of_week	0	static
lv_calendar.c:409:24:lv_calendar_design	336	static
lv_calendar.c:439:17:lv_calendar_signal	72	static
