lv_color.h:440:48:lv_color_mix	20	static
lv_canvas.c:1195:13:set_px_alpha_generic	32	static
lv_canvas.c:1181:13:set_px_cb_alpha8	32	static
lv_canvas.c:1167:13:set_px_cb_alpha4	32	static
lv_canvas.c:1153:13:set_px_cb_alpha2	32	static
lv_canvas.c:1139:13:set_px_cb_alpha1	32	static
lv_canvas.c:1209:13:set_px_true_color_alpha	56	static
lv_canvas.c:1116:13:set_set_px_cb.isra.0	0	static
lv_canvas.c:1100:17:lv_canvas_signal	16	static
lv_area.h:97:20:lv_area_copy	0	static
lv_canvas.c:72:12:lv_canvas_create	24	static
lv_canvas.c:138:6:lv_canvas_set_buffer	24	static
lv_canvas.c:160:6:lv_canvas_set_px	24	static
lv_canvas.c:180:6:lv_canvas_set_palette	16	static
lv_canvas.c:201:12:lv_canvas_get_px	24	static
lv_canvas.c:216:16:lv_canvas_get_img	8	static
lv_canvas.c:239:6:lv_canvas_copy_buf	32	static
lv_canvas.c:276:6:lv_canvas_transform	0	static
lv_canvas.c:385:6:lv_canvas_blur_hor	136	static
lv_canvas.c:519:6:lv_canvas_blur_ver	136	static
lv_canvas.c:658:6:lv_canvas_fill_bg	48	static
lv_canvas.c:696:6:lv_canvas_draw_rect	472	static
lv_canvas.c:767:6:lv_canvas_draw_text	488	static
lv_canvas.c:843:6:lv_canvas_draw_img	472	static
lv_canvas.c:908:6:lv_canvas_draw_line	464	static
lv_canvas.c:971:6:lv_canvas_draw_polygon	464	static
lv_canvas.c:1035:6:lv_canvas_draw_arc	488	static
