lv_chart.c:1432:34:create_axis_label_iter	20	static
lv_chart.c:1463:13:get_next_axis_label	16	static
lv_chart.c:978:17:lv_chart_signal	24	static
lv_chart.c:1535:13:draw_y_ticks	440	static
lv_chart.c:83:12:lv_chart_create	48	static
lv_chart.c:176:21:lv_chart_add_series	16	static
lv_chart.c:216:6:lv_chart_remove_series	16	static
lv_chart.c:238:22:lv_chart_add_cursor	16	static
lv_chart.c:260:6:lv_chart_clear_series	8	static
lv_chart.c:283:6:lv_chart_hide_series	0	static
lv_chart.c:302:6:lv_chart_set_div_line_count	16	static
lv_chart.c:322:6:lv_chart_set_y_range	24	static
lv_chart.c:345:6:lv_chart_set_type	16	static
lv_chart.c:362:6:lv_chart_set_point_count	56	static
lv_chart.c:429:6:lv_chart_init_points	16	static
lv_chart.c:449:6:lv_chart_set_points	24	static
lv_chart.c:493:6:lv_chart_set_update_mode	16	static
lv_chart.c:512:6:lv_chart_set_x_tick_length	16	static
lv_chart.c:529:6:lv_chart_set_y_tick_length	16	static
lv_chart.c:546:6:lv_chart_set_secondary_y_tick_length	16	static
lv_chart.c:563:6:lv_chart_set_x_tick_texts	16	static
lv_chart.c:583:6:lv_chart_set_y_tick_texts	16	static
lv_chart.c:603:6:lv_chart_set_secondary_y_tick_texts	16	static
lv_chart.c:621:6:lv_chart_set_x_start_point	16	static
lv_chart.c:641:6:lv_chart_set_ext_array	24	static
lv_chart.c:661:6:lv_chart_set_point_id	16	static
lv_chart.c:679:6:lv_chart_set_series_axis	4	static
lv_chart.c:702:6:lv_chart_set_cursor_point	0	static
lv_chart.c:721:17:lv_chart_get_type	8	static
lv_chart.c:734:10:lv_chart_get_point_count	8	static
lv_chart.c:747:10:lv_chart_get_x_start_point	0	static
lv_chart.c:761:12:lv_chart_get_point_id	16	static
lv_chart.c:778:17:lv_chart_get_series_axis	0	static
lv_chart.c:793:12:lv_chart_get_cursor_point	8	static
lv_chart.c:907:6:lv_chart_get_series_area	16	static
lv_chart.c:945:24:lv_chart_design	680	static
lv_chart.c:466:6:lv_chart_set_next	64	static
lv_chart.c:807:10:lv_chart_get_nearest_index_from_coord	32	static
lv_chart.c:831:12:lv_chart_get_x_from_index	40	static
lv_chart.c:879:12:lv_chart_get_y_from_index	32	static
lv_chart.c:924:6:lv_chart_refresh	0	static
