lv_dropdown.c:1339:19:get_label	8	static
lv_dropdown.c:1189:13:draw_box_label	96	static
lv_dropdown.c:1296:17:get_id_on_point	24	static
lv_dropdown.c:1280:13:page_press_handler	32	static
lv_dropdown.c:1153:13:draw_box	136	static
lv_dropdown.c:829:24:lv_dropdown_page_design	32	static
lv_dropdown.c:166:6:lv_dropdown_set_text	16	static
lv_dropdown.c:181:6:lv_dropdown_clear_options	16	static
lv_dropdown.c:203:6:lv_dropdown_set_options	24	static
lv_dropdown.c:252:6:lv_dropdown_set_options_static	16	static
lv_dropdown.c:284:6:lv_dropdown_add_option	48	static
lv_dropdown.c:359:6:lv_dropdown_set_selected	16	static
lv_dropdown.c:377:6:lv_dropdown_set_dir	16	static
lv_dropdown.c:394:6:lv_dropdown_set_max_height	24	static
lv_dropdown.c:419:6:lv_dropdown_set_symbol	16	static
lv_dropdown.c:433:6:lv_dropdown_set_show_selected	16	static
lv_dropdown.c:454:14:lv_dropdown_get_text	8	static
lv_dropdown.c:467:14:lv_dropdown_get_options	8	static
lv_dropdown.c:85:12:lv_dropdown_create	32	static
lv_dropdown.c:480:10:lv_dropdown_get_selected	8	static
lv_dropdown.c:494:10:lv_dropdown_get_option_cnt	8	static
lv_dropdown.c:509:6:lv_dropdown_get_selected_str	24	static
lv_dropdown.c:731:24:lv_dropdown_design	112	static
lv_dropdown.c:540:12:lv_dropdown_get_max_height	8	static
lv_dropdown.c:553:14:lv_dropdown_get_symbol	8	static
lv_dropdown.c:567:19:lv_dropdown_get_dir	8	static
lv_dropdown.c:581:6:lv_dropdown_get_show_selected	8	static
lv_dropdown.c:599:6:lv_dropdown_open	56	static
lv_dropdown.c:707:6:lv_dropdown_close	8	static
lv_dropdown.c:896:17:lv_dropdown_signal	32	static
lv_dropdown.c:1240:17:page_release_handler	24	static
lv_dropdown.c:1082:17:lv_dropdown_page_scrl_signal	24	static
lv_dropdown.c:1038:17:lv_dropdown_page_signal	24	static
