lv_gauge.c:473:17:lv_gauge_signal	24	static
lv_gauge.c:437:24:lv_gauge_design	232	static
lv_gauge.c:145:6:lv_gauge_set_needle_count	24	static
lv_gauge.c:180:6:lv_gauge_set_value	88	static
lv_gauge.c:285:6:lv_gauge_set_scale	16	static
lv_gauge.c:65:12:lv_gauge_create	24	static
lv_gauge.c:305:6:lv_gauge_set_needle_img	24	static
lv_gauge.c:323:6:lv_gauge_set_formatter_cb	8	static
lv_gauge.c:342:9:lv_gauge_get_value	16	static
lv_gauge.c:359:9:lv_gauge_get_needle_count	8	static
lv_gauge.c:372:9:lv_gauge_get_label_count	8	static
lv_gauge.c:386:14:lv_gauge_get_needle_img	8	static
lv_gauge.c:400:12:lv_gauge_get_needle_img_pivot_x	8	static
lv_gauge.c:414:12:lv_gauge_get_needle_img_pivot_y	8	static
