lv_keyboard.c:527:13:lv_keyboard_update_map	16	static
lv_keyboard.c:493:17:lv_keyboard_signal	24	static
lv_keyboard.c:162:12:lv_keyboard_create	40	static
lv_keyboard.c:234:6:lv_keyboard_set_textarea	16	static
lv_keyboard.c:380:6:lv_keyboard_def_event_cb	32	static
lv_keyboard.c:261:6:lv_keyboard_set_mode	16	static
lv_keyboard.c:278:6:lv_keyboard_set_cursor_manage	8	static
lv_keyboard.c:305:6:lv_keyboard_set_map	0	static
lv_keyboard.c:320:6:lv_keyboard_set_ctrl_map	0	static
lv_keyboard.c:335:12:lv_keyboard_get_textarea	8	static
lv_keyboard.c:348:20:lv_keyboard_get_mode	8	static
lv_keyboard.c:361:6:lv_keyboard_get_cursor_manage	8	static
