lv_label.c:1517:13:lv_label_dot_tmp_free	8	static
lv_label.c:1428:13:lv_label_revert_dots	24	static
lv_label.c:1472:13:lv_label_set_dot_tmp	24	static
lv_label.c:1457:13:lv_label_set_offset_y	16	static
lv_label.c:1450:13:lv_label_set_offset_x	16	static
lv_label.c:1527:13:get_txt_coords	24	static
lv_label.c:344:6:lv_label_set_align	16	static
lv_label.c:399:6:lv_label_set_text_sel_start	16	static
lv_label.c:413:6:lv_label_set_text_sel_end	16	static
lv_label.c:436:8:lv_label_get_text	8	static
lv_label.c:450:22:lv_label_get_long_mode	8	static
lv_label.c:463:18:lv_label_get_align	8	static
lv_label.c:491:6:lv_label_get_recolor	8	static
lv_label.c:504:10:lv_label_get_anim_speed	8	static
lv_label.c:524:6:lv_label_get_letter_pos	88	static
lv_label.c:645:10:lv_label_get_letter_on	96	static
lv_label.c:776:10:lv_label_get_text_sel_start	8	static
lv_label.c:795:10:lv_label_get_text_sel_end	8	static
lv_label.c:1276:24:lv_label_design	200	static
lv_label.c:814:6:lv_label_is_char_under_pos	88	static
lv_label.c:900:19:lv_label_get_style	0	static
lv_label.c:993:6:lv_label_refr_text	136	static
lv_label.c:1383:17:lv_label_signal	24	static
lv_label.c:179:6:lv_label_set_text	24	static
lv_label.c:924:6:lv_label_ins_text	32	static
lv_label.c:249:6:lv_label_set_text_fmt	28	static
lv_label.c:284:6:lv_label_set_text_static	24	static
lv_label.c:309:6:lv_label_set_long_mode	16	static
lv_label.c:362:6:lv_label_set_recolor	16	static
lv_label.c:76:12:lv_label_create	32	static
lv_label.c:380:6:lv_label_set_anim_speed	16	static
lv_label.c:970:6:lv_label_cut_text	16	static
