lv_msgbox.c:607:13:lv_msgbox_close_ready_cb	0	static
lv_msgbox.c:623:13:lv_msgbox_btnm_event_cb	16	static
lv_msgbox.c:575:13:mbox_realign	40	static
lv_msgbox.c:442:17:lv_msgbox_signal	32	static
lv_msgbox.c:69:12:lv_msgbox_create	32	static
lv_msgbox.c:148:6:lv_msgbox_add_btns	16	static
lv_msgbox.c:190:6:lv_msgbox_set_text	16	static
lv_msgbox.c:206:6:lv_msgbox_set_text_fmt	28	static
lv_msgbox.c:238:6:lv_msgbox_set_anim_time	8	static
lv_msgbox.c:302:6:lv_msgbox_stop_auto_close	0	static
lv_msgbox.c:318:6:lv_msgbox_set_recolor	16	static
lv_msgbox.c:336:14:lv_msgbox_get_text	8	static
lv_msgbox.c:351:10:lv_msgbox_get_active_btn	8	static
lv_msgbox.c:372:14:lv_msgbox_get_active_btn_text	8	static
lv_msgbox.c:388:10:lv_msgbox_get_anim_time	8	static
lv_msgbox.c:256:6:lv_msgbox_start_auto_close	96	static
lv_msgbox.c:613:13:lv_msgbox_default_event_cb	8	static
lv_msgbox.c:406:6:lv_msgbox_get_recolor	8	static
lv_msgbox.c:423:12:lv_msgbox_get_btnmatrix	8	static
