lv_page.c:1360:13:get_edge_flash_area	32	static
lv_obj_style_dec.h:103:1:lv_obj_get_style_pad_right	0	static
lv_obj_style_dec.h:101:1:lv_obj_get_style_pad_bottom	0	static
lv_page.c:1325:13:refr_ext_draw_pad	16	static
lv_page.c:1346:13:edge_flash_anim_end	16	static
lv_page.c:1336:13:edge_flash_anim	24	static
lv_page.c:1057:13:scrl_def_event_cb	16	static
lv_obj_style_dec.h:100:1:lv_obj_get_style_pad_top.constprop	0	static
lv_area.h:97:20:lv_area_copy	0	static
lv_page.c:677:24:lv_page_design	128	static
lv_page.c:1176:13:scrlbar_refresh	112	static
lv_page.c:186:6:lv_page_set_scrollbar_mode	16	static
lv_page.c:80:12:lv_page_create	40	static
lv_page.c:214:6:lv_page_set_anim_time	8	static
lv_page.c:235:6:lv_page_set_scroll_propagation	16	static
lv_page.c:251:6:lv_page_set_edge_flash	8	static
lv_page.c:273:12:lv_page_get_scrollable	8	static
lv_page.c:751:17:lv_page_signal	56	static
lv_page.c:169:6:lv_page_clean	8	static
lv_page.c:287:10:lv_page_get_anim_time	8	static
lv_page.c:305:21:lv_page_get_scrollbar_mode	8	static
lv_page.c:318:6:lv_page_get_scroll_propagation	8	static
lv_page.c:331:6:lv_page_get_edge_flash	8	static
lv_page.c:349:12:lv_page_get_width_fit	24	static
lv_page.c:367:12:lv_page_get_height_fit	24	static
lv_page.c:392:12:lv_page_get_width_grid	24	static
lv_page.c:415:12:lv_page_get_height_grid	24	static
lv_page.c:436:6:lv_page_on_edge	40	static
lv_page.c:463:6:lv_page_glue_obj	16	static
lv_page.c:475:6:lv_page_focus	128	static
lv_page.c:573:6:lv_page_scroll_hor	88	static
lv_page.c:595:6:lv_page_scroll_ver	88	static
lv_page.c:618:6:lv_page_start_edge_flash	88	static
lv_page.c:1106:13:scrl_reposition	72	static
lv_page.c:903:17:lv_page_scrollable_signal	40	static
