lv_obj_style_dec.h:158:1:lv_obj_get_style_text_font	0	static
lv_roller.c:1023:19:get_label	8	static
lv_roller.c:518:24:lv_roller_label_design	48	static
lv_roller.c:995:13:inf_normalize	32	static
lv_roller.c:1031:13:scroll_anim_ready_cb	0	static
lv_roller.c:832:13:refr_position	104	static
lv_roller.c:978:13:refr_height	16	static
lv_roller.c:225:6:lv_roller_set_selected	24	static
lv_roller.c:878:17:release_handler	48	static
lv_roller.c:265:6:lv_roller_set_visible_row_count	16	static
lv_roller.c:299:10:lv_roller_get_selected	8	static
lv_roller.c:319:6:lv_roller_get_selected_str	24	static
lv_roller.c:351:10:lv_roller_get_option_cnt	8	static
lv_roller.c:369:18:lv_roller_get_align	8	static
lv_roller.c:414:24:lv_roller_design	176	static
lv_roller.c:381:6:lv_roller_get_auto_fit	8	static
lv_roller.c:935:13:refr_width	64	static
lv_roller.c:709:17:lv_roller_scrl_signal	40	static
lv_roller.c:571:17:lv_roller_signal	24	static
lv_roller.c:155:6:lv_roller_set_options	48	static
lv_roller.c:71:12:lv_roller_create	32	static
lv_roller.c:208:6:lv_roller_set_align	16	static
lv_roller.c:282:6:lv_roller_set_auto_fit	16	static
lv_roller.c:393:14:lv_roller_get_options	8	static
