lv_spinbox.c:381:17:lv_spinbox_signal	24	static
lv_spinbox.c:514:13:lv_spinbox_updatevalue	120	static
lv_spinbox.c:127:6:lv_spinbox_set_rollover	8	static
lv_spinbox.c:141:6:lv_spinbox_set_value	16	static
lv_spinbox.c:163:6:lv_spinbox_set_digit_format	32	static
lv_spinbox.c:192:6:lv_spinbox_set_step	16	static
lv_spinbox.c:210:6:lv_spinbox_set_range	24	static
lv_spinbox.c:53:12:lv_spinbox_create	24	static
lv_spinbox.c:237:6:lv_spinbox_set_padding_left	16	static
lv_spinbox.c:254:6:lv_spinbox_get_rollover	8	static
lv_spinbox.c:268:9:lv_spinbox_get_value	8	static
lv_spinbox.c:285:6:lv_spinbox_step_next	8	static
lv_spinbox.c:304:6:lv_spinbox_step_prev	8	static
lv_spinbox.c:321:6:lv_spinbox_increment	16	static
lv_spinbox.c:348:6:lv_spinbox_decrement	16	static
