lv_table.c:800:24:lv_table_design.part.0	712	static
lv_table.c:800:24:lv_table_design	8	static
lv_table.c:1081:13:refr_size	160	static
lv_table.c:1017:17:lv_table_signal	24	static
lv_table.c:294:6:lv_table_set_row_cnt	24	static
lv_table.c:135:6:lv_table_set_cell_value	32	static
lv_table.c:201:6:lv_table_set_cell_value_fmt	44	static
lv_table.c:337:6:lv_table_set_col_cnt	24	static
lv_table.c:61:12:lv_table_create	24	static
lv_table.c:376:6:lv_table_set_col_width	16	static
lv_table.c:397:6:lv_table_set_cell_align	24	static
lv_table.c:435:6:lv_table_set_cell_type	32	static
lv_table.c:481:6:lv_table_set_cell_crop	24	static
lv_table.c:520:6:lv_table_set_cell_merge_right	32	static
lv_table.c:564:14:lv_table_get_cell_value	16	static
lv_table.c:585:10:lv_table_get_row_cnt	8	static
lv_table.c:598:10:lv_table_get_col_cnt	8	static
lv_table.c:612:12:lv_table_get_col_width	8	static
lv_table.c:633:18:lv_table_get_cell_align	16	static
lv_table.c:660:18:lv_table_get_cell_type	16	static
lv_table.c:687:18:lv_table_get_cell_crop	16	static
lv_table.c:714:6:lv_table_get_cell_merge_right	16	static
lv_table.c:742:10:lv_table_get_pressed_cell	40	static
