lv_textarea.c:1622:13:pwd_char_hider_anim	0	static
lv_page.h:186:20:lv_page_set_scrollable_fit2	24	static
lv_textarea.c:1284:24:lv_textarea_design	8	static
lv_anim.h:196:20:lv_anim_set_path	0	static
lv_area.h:97:20:lv_area_copy	0	static
lv_textarea.c:1598:13:cursor_blink_anim	24	static
lv_textarea.c:1311:24:lv_textarea_scrollable_design	176	static
lv_textarea.c:557:6:lv_textarea_set_placeholder_text	24	static
lv_textarea.c:695:6:lv_textarea_set_cursor_click_pos	8	static
lv_textarea.c:822:6:lv_textarea_set_accepted_chars	8	static
lv_textarea.c:836:6:lv_textarea_set_max_length	8	static
lv_textarea.c:853:6:lv_textarea_set_insert_replace	0	static
lv_textarea.c:887:6:lv_textarea_set_pwd_show_time	8	static
lv_textarea.c:904:6:lv_textarea_set_cursor_blink_time	88	static
lv_textarea.c:950:14:lv_textarea_get_text	8	static
lv_textarea.c:972:14:lv_textarea_get_placeholder_text	8	static
lv_textarea.c:986:12:lv_textarea_get_label	8	static
lv_textarea.c:999:10:lv_textarea_get_cursor_pos	8	static
lv_textarea.c:1709:13:refr_cursor_area	80	static
lv_textarea.c:1643:13:pwd_char_hider	56	static
lv_textarea.c:1632:13:pwd_char_hider_anim_ready	0	static
lv_textarea.c:600:6:lv_textarea_set_cursor_pos	128	static
lv_textarea.c:1792:13:update_cursor_position_on_click	56	static
lv_textarea.c:1509:17:lv_textarea_scrollable_signal	32	static
lv_textarea.c:1397:17:lv_textarea_signal	40	static
lv_textarea.c:679:6:lv_textarea_set_cursor_hidden	16	static
lv_textarea.c:789:6:lv_textarea_set_text_align	24	static
lv_textarea.c:746:6:lv_textarea_set_one_line	32	static
lv_textarea.c:88:12:lv_textarea_create	104	static
lv_textarea.c:1012:6:lv_textarea_get_cursor_hidden	8	static
lv_textarea.c:1025:6:lv_textarea_get_cursor_click_pos	8	static
lv_textarea.c:1038:6:lv_textarea_get_pwd_mode	8	static
lv_textarea.c:1051:6:lv_textarea_get_one_line	8	static
lv_textarea.c:1064:14:lv_textarea_get_accepted_chars	8	static
lv_textarea.c:1078:10:lv_textarea_get_max_length	8	static
lv_textarea.c:1091:6:lv_textarea_text_is_selected	16	static
lv_textarea.c:1116:6:lv_textarea_get_text_sel_en	8	static
lv_textarea.c:1134:10:lv_textarea_get_pwd_show_time	8	static
lv_textarea.c:1148:10:lv_textarea_get_cursor_blink_time	8	static
lv_textarea.c:1164:6:lv_textarea_clear_selection	16	static
lv_textarea.c:325:6:lv_textarea_add_text	104	static
lv_textarea.c:1907:17:insert_handler	24	static
lv_textarea.c:229:6:lv_textarea_add_char	120	static
lv_textarea.c:406:6:lv_textarea_del_char	40	static
lv_textarea.c:460:6:lv_textarea_del_char_forward	16	static
lv_textarea.c:478:6:lv_textarea_set_text	96	static
lv_textarea.c:708:6:lv_textarea_set_pwd_mode	24	static
lv_textarea.c:866:6:lv_textarea_set_text_sel	16	static
lv_textarea.c:1185:6:lv_textarea_cursor_right	8	static
lv_textarea.c:1198:6:lv_textarea_cursor_left	8	static
lv_textarea.c:1213:6:lv_textarea_cursor_down	24	static
lv_textarea.c:1246:6:lv_textarea_cursor_up	24	static
