lv_win.c:805:19:lv_win_btn_create	24	static
lv_win.c:740:13:lv_win_realign	72	static
lv_win.c:637:17:lv_win_signal	24	static
lv_win.c:551:24:lv_win_header_design	112	static
lv_win.c:73:12:lv_win_create	24	static
lv_win.c:173:6:lv_win_clean	8	static
lv_win.c:193:12:lv_win_add_btn_right	24	static
lv_win.c:214:12:lv_win_add_btn_left	24	static
lv_win.c:254:6:lv_win_set_title	16	static
lv_win.c:283:6:lv_win_set_header_height	16	static
lv_win.c:298:6:lv_win_set_btn_width	16	static
lv_win.c:314:6:lv_win_set_content_size	24	static
lv_win.c:329:6:lv_win_set_layout	16	static
lv_win.c:342:6:lv_win_set_scrollbar_mode	16	static
lv_win.c:366:6:lv_win_set_drag	16	static
lv_win.c:376:6:lv_win_title_set_alignment	8	static
lv_win.c:393:14:lv_win_get_title	8	static
lv_win.c:406:12:lv_win_get_content	8	static
lv_win.c:354:6:lv_win_set_anim_time	16	static
lv_win.c:419:12:lv_win_get_header_height	8	static
lv_win.c:432:12:lv_win_get_btn_width	8	static
lv_win.c:447:12:lv_win_get_from_btn	8	static
lv_win.c:238:6:lv_win_close_event_cb	8	static
lv_win.c:462:13:lv_win_get_layout	8	static
lv_win.c:475:21:lv_win_get_sb_mode	8	static
lv_win.c:488:10:lv_win_get_anim_time	8	static
lv_win.c:500:12:lv_win_get_width	16	static
lv_win.c:512:9:lv_win_title_get_alignment	8	static
lv_win.c:529:6:lv_win_focus	16	static
